10:09:12 **** Build of configuration Debug for project LCD_DSI_CmdMode_DoubleBuffer_CM7 ****
make -j8 all 
arm-none-eabi-gcc "C:/Users/b1601/Desktop/dsi/STM32CubeH7/Projects/STM32H747I-DISCO/Examples/LCD_DSI/LCD_DSI_CmdMode_DoubleBuffer/Utilities/lcd/stm32_lcd.c" -mcpu=cortex-m7 -std=gnu11 -g3 -DDEBUG -DSTM32H747xx -DUSE_STM32H747I_DISCO -DUSE_HAL_DRIVER -DUSE_PWR_DIRECT_SMPS_SUPPLY -DCORE_CM7 -c -I../../../Common/Inc -I../../../CM7/Inc -I../../../Drivers/CMSIS/Include -I../../../Drivers/CMSIS/Device/ST/STM32H7xx/Include -I../../../Drivers/STM32H7xx_HAL_Driver/Inc -I../../../Drivers/BSP/STM32H747I-DISCO -I../../../Drivers/BSP/Components/Common -I../../../Utilities/lcd -I../../../Utilities/Fonts -I../../../Utilities/CPU -O0 -ffunction-sections -fdata-sections -Wall -fstack-usage -fcyclomatic-complexity -MMD -MP -MF"Utilities/stm32_lcd.d" -MT"Utilities/stm32_lcd.o" --specs=nano.specs -mfpu=fpv5-d16 -mfloat-abi=hard -mthumb -o "Utilities/stm32_lcd.o"
arm-none-eabi-gcc -mcpu=cortex-m7 -g3 -DDEBUG -c -x assembler-with-cpp -MMD -MP -MF"Example/User/Startup/startup_stm32h747xihx.d" -MT"Example/User/Startup/startup_stm32h747xihx.o" --specs=nano.specs -mfpu=fpv5-d16 -mfloat-abi=hard -mthumb -o "Example/User/Startup/startup_stm32h747xihx.o" "../Example/User/Startup/startup_stm32h747xihx.s"
arm-none-eabi-gcc "C:/Users/b1601/Desktop/dsi/STM32CubeH7/Projects/STM32H747I-DISCO/Examples/LCD_DSI/LCD_DSI_CmdMode_DoubleBuffer/CM7/Src/main.c" -mcpu=cortex-m7 -std=gnu11 -g3 -DDEBUG -DSTM32H747xx -DUSE_STM32H747I_DISCO -DUSE_HAL_DRIVER -DUSE_PWR_DIRECT_SMPS_SUPPLY -DCORE_CM7 -c -I../../../Common/Inc -I../../../CM7/Inc -I../../../Drivers/CMSIS/Include -I../../../Drivers/CMSIS/Device/ST/STM32H7xx/Include -I../../../Drivers/STM32H7xx_HAL_Driver/Inc -I../../../Drivers/BSP/STM32H747I-DISCO -I../../../Drivers/BSP/Components/Common -I../../../Utilities/lcd -I../../../Utilities/Fonts -I../../../Utilities/CPU -O0 -ffunction-sections -fdata-sections -Wall -fstack-usage -fcyclomatic-complexity -MMD -MP -MF"Example/User/CM7/main.d" -MT"Example/User/CM7/main.o" --specs=nano.specs -mfpu=fpv5-d16 -mfloat-abi=hard -mthumb -o "Example/User/CM7/main.o"
arm-none-eabi-gcc "C:/Users/b1601/Desktop/dsi/STM32CubeH7/Projects/STM32H747I-DISCO/Examples/LCD_DSI/LCD_DSI_CmdMode_DoubleBuffer/CM7/Src/stm32h7xx_hal_msp.c" -mcpu=cortex-m7 -std=gnu11 -g3 -DDEBUG -DSTM32H747xx -DUSE_STM32H747I_DISCO -DUSE_HAL_DRIVER -DUSE_PWR_DIRECT_SMPS_SUPPLY -DCORE_CM7 -c -I../../../Common/Inc -I../../../CM7/Inc -I../../../Drivers/CMSIS/Include -I../../../Drivers/CMSIS/Device/ST/STM32H7xx/Include -I../../../Drivers/STM32H7xx_HAL_Driver/Inc -I../../../Drivers/BSP/STM32H747I-DISCO -I../../../Drivers/BSP/Components/Common -I../../../Utilities/lcd -I../../../Utilities/Fonts -I../../../Utilities/CPU -O0 -ffunction-sections -fdata-sections -Wall -fstack-usage -fcyclomatic-complexity -MMD -MP -MF"Example/User/CM7/stm32h7xx_hal_msp.d" -MT"Example/User/CM7/stm32h7xx_hal_msp.o" --specs=nano.specs -mfpu=fpv5-d16 -mfloat-abi=hard -mthumb -o "Example/User/CM7/stm32h7xx_hal_msp.o"
arm-none-eabi-gcc "C:/Users/b1601/Desktop/dsi/STM32CubeH7/Projects/STM32H747I-DISCO/Examples/LCD_DSI/LCD_DSI_CmdMode_DoubleBuffer/CM7/Src/stm32h7xx_it.c" -mcpu=cortex-m7 -std=gnu11 -g3 -DDEBUG -DSTM32H747xx -DUSE_STM32H747I_DISCO -DUSE_HAL_DRIVER -DUSE_PWR_DIRECT_SMPS_SUPPLY -DCORE_CM7 -c -I../../../Common/Inc -I../../../CM7/Inc -I../../../Drivers/CMSIS/Include -I../../../Drivers/CMSIS/Device/ST/STM32H7xx/Include -I../../../Drivers/STM32H7xx_HAL_Driver/Inc -I../../../Drivers/BSP/STM32H747I-DISCO -I../../../Drivers/BSP/Components/Common -I../../../Utilities/lcd -I../../../Utilities/Fonts -I../../../Utilities/CPU -O0 -ffunction-sections -fdata-sections -Wall -fstack-usage -fcyclomatic-complexity -MMD -MP -MF"Example/User/CM7/stm32h7xx_it.d" -MT"Example/User/CM7/stm32h7xx_it.o" --specs=nano.specs -mfpu=fpv5-d16 -mfloat-abi=hard -mthumb -o "Example/User/CM7/stm32h7xx_it.o"
arm-none-eabi-gcc "../Example/User/CM7/syscalls.c" -mcpu=cortex-m7 -std=gnu11 -g3 -DDEBUG -DSTM32H747xx -DUSE_STM32H747I_DISCO -DUSE_HAL_DRIVER -DUSE_PWR_DIRECT_SMPS_SUPPLY -DCORE_CM7 -c -I../../../Common/Inc -I../../../CM7/Inc -I../../../Drivers/CMSIS/Include -I../../../Drivers/CMSIS/Device/ST/STM32H7xx/Include -I../../../Drivers/STM32H7xx_HAL_Driver/Inc -I../../../Drivers/BSP/STM32H747I-DISCO -I../../../Drivers/BSP/Components/Common -I../../../Utilities/lcd -I../../../Utilities/Fonts -I../../../Utilities/CPU -O0 -ffunction-sections -fdata-sections -Wall -fstack-usage -fcyclomatic-complexity -MMD -MP -MF"Example/User/CM7/syscalls.d" -MT"Example/User/CM7/syscalls.o" --specs=nano.specs -mfpu=fpv5-d16 -mfloat-abi=hard -mthumb -o "Example/User/CM7/syscalls.o"
arm-none-eabi-gcc "../Example/User/CM7/sysmem.c" -mcpu=cortex-m7 -std=gnu11 -g3 -DDEBUG -DSTM32H747xx -DUSE_STM32H747I_DISCO -DUSE_HAL_DRIVER -DUSE_PWR_DIRECT_SMPS_SUPPLY -DCORE_CM7 -c -I../../../Common/Inc -I../../../CM7/Inc -I../../../Drivers/CMSIS/Include -I../../../Drivers/CMSIS/Device/ST/STM32H7xx/Include -I../../../Drivers/STM32H7xx_HAL_Driver/Inc -I../../../Drivers/BSP/STM32H747I-DISCO -I../../../Drivers/BSP/Components/Common -I../../../Utilities/lcd -I../../../Utilities/Fonts -I../../../Utilities/CPU -O0 -ffunction-sections -fdata-sections -Wall -fstack-usage -fcyclomatic-complexity -MMD -MP -MF"Example/User/CM7/sysmem.d" -MT"Example/User/CM7/sysmem.o" --specs=nano.specs -mfpu=fpv5-d16 -mfloat-abi=hard -mthumb -o "Example/User/CM7/sysmem.o"
arm-none-eabi-gcc "C:/Users/b1601/Desktop/dsi/STM32CubeH7/Projects/STM32H747I-DISCO/Examples/LCD_DSI/LCD_DSI_CmdMode_DoubleBuffer/Drivers/STM32H7xx_HAL_Driver/Src/stm32h7xx_hal.c" -mcpu=cortex-m7 -std=gnu11 -g3 -DDEBUG -DSTM32H747xx -DUSE_STM32H747I_DISCO -DUSE_HAL_DRIVER -DUSE_PWR_DIRECT_SMPS_SUPPLY -DCORE_CM7 -c -I../../../Common/Inc -I../../../CM7/Inc -I../../../Drivers/CMSIS/Include -I../../../Drivers/CMSIS/Device/ST/STM32H7xx/Include -I../../../Drivers/STM32H7xx_HAL_Driver/Inc -I../../../Drivers/BSP/STM32H747I-DISCO -I../../../Drivers/BSP/Components/Common -I../../../Utilities/lcd -I../../../Utilities/Fonts -I../../../Utilities/CPU -O0 -ffunction-sections -fdata-sections -Wall -fstack-usage -fcyclomatic-complexity -MMD -MP -MF"Drivers/STM32H7xx_HAL_Driver/stm32h7xx_hal.d" -MT"Drivers/STM32H7xx_HAL_Driver/stm32h7xx_hal.o" --specs=nano.specs -mfpu=fpv5-d16 -mfloat-abi=hard -mthumb -o "Drivers/STM32H7xx_HAL_Driver/stm32h7xx_hal.o"
arm-none-eabi-gcc "C:/Users/b1601/Desktop/dsi/STM32CubeH7/Projects/STM32H747I-DISCO/Examples/LCD_DSI/LCD_DSI_CmdMode_DoubleBuffer/Drivers/STM32H7xx_HAL_Driver/Src/stm32h7xx_hal_adc.c" -mcpu=cortex-m7 -std=gnu11 -g3 -DDEBUG -DSTM32H747xx -DUSE_STM32H747I_DISCO -DUSE_HAL_DRIVER -DUSE_PWR_DIRECT_SMPS_SUPPLY -DCORE_CM7 -c -I../../../Common/Inc -I../../../CM7/Inc -I../../../Drivers/CMSIS/Include -I../../../Drivers/CMSIS/Device/ST/STM32H7xx/Include -I../../../Drivers/STM32H7xx_HAL_Driver/Inc -I../../../Drivers/BSP/STM32H747I-DISCO -I../../../Drivers/BSP/Components/Common -I../../../Utilities/lcd -I../../../Utilities/Fonts -I../../../Utilities/CPU -O0 -ffunction-sections -fdata-sections -Wall -fstack-usage -fcyclomatic-complexity -MMD -MP -MF"Drivers/STM32H7xx_HAL_Driver/stm32h7xx_hal_adc.d" -MT"Drivers/STM32H7xx_HAL_Driver/stm32h7xx_hal_adc.o" --specs=nano.specs -mfpu=fpv5-d16 -mfloat-abi=hard -mthumb -o "Drivers/STM32H7xx_HAL_Driver/stm32h7xx_hal_adc.o"
arm-none-eabi-gcc "C:/Users/b1601/Desktop/dsi/STM32CubeH7/Projects/STM32H747I-DISCO/Examples/LCD_DSI/LCD_DSI_CmdMode_DoubleBuffer/Drivers/STM32H7xx_HAL_Driver/Src/stm32h7xx_hal_adc_ex.c" -mcpu=cortex-m7 -std=gnu11 -g3 -DDEBUG -DSTM32H747xx -DUSE_STM32H747I_DISCO -DUSE_HAL_DRIVER -DUSE_PWR_DIRECT_SMPS_SUPPLY -DCORE_CM7 -c -I../../../Common/Inc -I../../../CM7/Inc -I../../../Drivers/CMSIS/Include -I../../../Drivers/CMSIS/Device/ST/STM32H7xx/Include -I../../../Drivers/STM32H7xx_HAL_Driver/Inc -I../../../Drivers/BSP/STM32H747I-DISCO -I../../../Drivers/BSP/Components/Common -I../../../Utilities/lcd -I../../../Utilities/Fonts -I../../../Utilities/CPU -O0 -ffunction-sections -fdata-sections -Wall -fstack-usage -fcyclomatic-complexity -MMD -MP -MF"Drivers/STM32H7xx_HAL_Driver/stm32h7xx_hal_adc_ex.d" -MT"Drivers/STM32H7xx_HAL_Driver/stm32h7xx_hal_adc_ex.o" --specs=nano.specs -mfpu=fpv5-d16 -mfloat-abi=hard -mthumb -o "Drivers/STM32H7xx_HAL_Driver/stm32h7xx_hal_adc_ex.o"
arm-none-eabi-gcc "C:/Users/b1601/Desktop/dsi/STM32CubeH7/Projects/STM32H747I-DISCO/Examples/LCD_DSI/LCD_DSI_CmdMode_DoubleBuffer/Drivers/STM32H7xx_HAL_Driver/Src/stm32h7xx_hal_cortex.c" -mcpu=cortex-m7 -std=gnu11 -g3 -DDEBUG -DSTM32H747xx -DUSE_STM32H747I_DISCO -DUSE_HAL_DRIVER -DUSE_PWR_DIRECT_SMPS_SUPPLY -DCORE_CM7 -c -I../../../Common/Inc -I../../../CM7/Inc -I../../../Drivers/CMSIS/Include -I../../../Drivers/CMSIS/Device/ST/STM32H7xx/Include -I../../../Drivers/STM32H7xx_HAL_Driver/Inc -I../../../Drivers/BSP/STM32H747I-DISCO -I../../../Drivers/BSP/Components/Common -I../../../Utilities/lcd -I../../../Utilities/Fonts -I../../../Utilities/CPU -O0 -ffunction-sections -fdata-sections -Wall -fstack-usage -fcyclomatic-complexity -MMD -MP -MF"Drivers/STM32H7xx_HAL_Driver/stm32h7xx_hal_cortex.d" -MT"Drivers/STM32H7xx_HAL_Driver/stm32h7xx_hal_cortex.o" --specs=nano.specs -mfpu=fpv5-d16 -mfloat-abi=hard -mthumb -o "Drivers/STM32H7xx_HAL_Driver/stm32h7xx_hal_cortex.o"
arm-none-eabi-gcc "C:/Users/b1601/Desktop/dsi/STM32CubeH7/Projects/STM32H747I-DISCO/Examples/LCD_DSI/LCD_DSI_CmdMode_DoubleBuffer/Drivers/STM32H7xx_HAL_Driver/Src/stm32h7xx_hal_dma.c" -mcpu=cortex-m7 -std=gnu11 -g3 -DDEBUG -DSTM32H747xx -DUSE_STM32H747I_DISCO -DUSE_HAL_DRIVER -DUSE_PWR_DIRECT_SMPS_SUPPLY -DCORE_CM7 -c -I../../../Common/Inc -I../../../CM7/Inc -I../../../Drivers/CMSIS/Include -I../../../Drivers/CMSIS/Device/ST/STM32H7xx/Include -I../../../Drivers/STM32H7xx_HAL_Driver/Inc -I../../../Drivers/BSP/STM32H747I-DISCO -I../../../Drivers/BSP/Components/Common -I../../../Utilities/lcd -I../../../Utilities/Fonts -I../../../Utilities/CPU -O0 -ffunction-sections -fdata-sections -Wall -fstack-usage -fcyclomatic-complexity -MMD -MP -MF"Drivers/STM32H7xx_HAL_Driver/stm32h7xx_hal_dma.d" -MT"Drivers/STM32H7xx_HAL_Driver/stm32h7xx_hal_dma.o" --specs=nano.specs -mfpu=fpv5-d16 -mfloat-abi=hard -mthumb -o "Drivers/STM32H7xx_HAL_Driver/stm32h7xx_hal_dma.o"
arm-none-eabi-gcc "C:/Users/b1601/Desktop/dsi/STM32CubeH7/Projects/STM32H747I-DISCO/Examples/LCD_DSI/LCD_DSI_CmdMode_DoubleBuffer/Drivers/STM32H7xx_HAL_Driver/Src/stm32h7xx_hal_dma2d.c" -mcpu=cortex-m7 -std=gnu11 -g3 -DDEBUG -DSTM32H747xx -DUSE_STM32H747I_DISCO -DUSE_HAL_DRIVER -DUSE_PWR_DIRECT_SMPS_SUPPLY -DCORE_CM7 -c -I../../../Common/Inc -I../../../CM7/Inc -I../../../Drivers/CMSIS/Include -I../../../Drivers/CMSIS/Device/ST/STM32H7xx/Include -I../../../Drivers/STM32H7xx_HAL_Driver/Inc -I../../../Drivers/BSP/STM32H747I-DISCO -I../../../Drivers/BSP/Components/Common -I../../../Utilities/lcd -I../../../Utilities/Fonts -I../../../Utilities/CPU -O0 -ffunction-sections -fdata-sections -Wall -fstack-usage -fcyclomatic-complexity -MMD -MP -MF"Drivers/STM32H7xx_HAL_Driver/stm32h7xx_hal_dma2d.d" -MT"Drivers/STM32H7xx_HAL_Driver/stm32h7xx_hal_dma2d.o" --specs=nano.specs -mfpu=fpv5-d16 -mfloat-abi=hard -mthumb -o "Drivers/STM32H7xx_HAL_Driver/stm32h7xx_hal_dma2d.o"
arm-none-eabi-gcc "C:/Users/b1601/Desktop/dsi/STM32CubeH7/Projects/STM32H747I-DISCO/Examples/LCD_DSI/LCD_DSI_CmdMode_DoubleBuffer/Drivers/STM32H7xx_HAL_Driver/Src/stm32h7xx_hal_dma_ex.c" -mcpu=cortex-m7 -std=gnu11 -g3 -DDEBUG -DSTM32H747xx -DUSE_STM32H747I_DISCO -DUSE_HAL_DRIVER -DUSE_PWR_DIRECT_SMPS_SUPPLY -DCORE_CM7 -c -I../../../Common/Inc -I../../../CM7/Inc -I../../../Drivers/CMSIS/Include -I../../../Drivers/CMSIS/Device/ST/STM32H7xx/Include -I../../../Drivers/STM32H7xx_HAL_Driver/Inc -I../../../Drivers/BSP/STM32H747I-DISCO -I../../../Drivers/BSP/Components/Common -I../../../Utilities/lcd -I../../../Utilities/Fonts -I../../../Utilities/CPU -O0 -ffunction-sections -fdata-sections -Wall -fstack-usage -fcyclomatic-complexity -MMD -MP -MF"Drivers/STM32H7xx_HAL_Driver/stm32h7xx_hal_dma_ex.d" -MT"Drivers/STM32H7xx_HAL_Driver/stm32h7xx_hal_dma_ex.o" --specs=nano.specs -mfpu=fpv5-d16 -mfloat-abi=hard -mthumb -o "Drivers/STM32H7xx_HAL_Driver/stm32h7xx_hal_dma_ex.o"
arm-none-eabi-gcc "C:/Users/b1601/Desktop/dsi/STM32CubeH7/Projects/STM32H747I-DISCO/Examples/LCD_DSI/LCD_DSI_CmdMode_DoubleBuffer/Drivers/STM32H7xx_HAL_Driver/Src/stm32h7xx_hal_dsi.c" -mcpu=cortex-m7 -std=gnu11 -g3 -DDEBUG -DSTM32H747xx -DUSE_STM32H747I_DISCO -DUSE_HAL_DRIVER -DUSE_PWR_DIRECT_SMPS_SUPPLY -DCORE_CM7 -c -I../../../Common/Inc -I../../../CM7/Inc -I../../../Drivers/CMSIS/Include -I../../../Drivers/CMSIS/Device/ST/STM32H7xx/Include -I../../../Drivers/STM32H7xx_HAL_Driver/Inc -I../../../Drivers/BSP/STM32H747I-DISCO -I../../../Drivers/BSP/Components/Common -I../../../Utilities/lcd -I../../../Utilities/Fonts -I../../../Utilities/CPU -O0 -ffunction-sections -fdata-sections -Wall -fstack-usage -fcyclomatic-complexity -MMD -MP -MF"Drivers/STM32H7xx_HAL_Driver/stm32h7xx_hal_dsi.d" -MT"Drivers/STM32H7xx_HAL_Driver/stm32h7xx_hal_dsi.o" --specs=nano.specs -mfpu=fpv5-d16 -mfloat-abi=hard -mthumb -o "Drivers/STM32H7xx_HAL_Driver/stm32h7xx_hal_dsi.o"
arm-none-eabi-gcc "C:/Users/b1601/Desktop/dsi/STM32CubeH7/Projects/STM32H747I-DISCO/Examples/LCD_DSI/LCD_DSI_CmdMode_DoubleBuffer/Drivers/STM32H7xx_HAL_Driver/Src/stm32h7xx_hal_gpio.c" -mcpu=cortex-m7 -std=gnu11 -g3 -DDEBUG -DSTM32H747xx -DUSE_STM32H747I_DISCO -DUSE_HAL_DRIVER -DUSE_PWR_DIRECT_SMPS_SUPPLY -DCORE_CM7 -c -I../../../Common/Inc -I../../../CM7/Inc -I../../../Drivers/CMSIS/Include -I../../../Drivers/CMSIS/Device/ST/STM32H7xx/Include -I../../../Drivers/STM32H7xx_HAL_Driver/Inc -I../../../Drivers/BSP/STM32H747I-DISCO -I../../../Drivers/BSP/Components/Common -I../../../Utilities/lcd -I../../../Utilities/Fonts -I../../../Utilities/CPU -O0 -ffunction-sections -fdata-sections -Wall -fstack-usage -fcyclomatic-complexity -MMD -MP -MF"Drivers/STM32H7xx_HAL_Driver/stm32h7xx_hal_gpio.d" -MT"Drivers/STM32H7xx_HAL_Driver/stm32h7xx_hal_gpio.o" --specs=nano.specs -mfpu=fpv5-d16 -mfloat-abi=hard -mthumb -o "Drivers/STM32H7xx_HAL_Driver/stm32h7xx_hal_gpio.o"
arm-none-eabi-gcc "C:/Users/b1601/Desktop/dsi/STM32CubeH7/Projects/STM32H747I-DISCO/Examples/LCD_DSI/LCD_DSI_CmdMode_DoubleBuffer/Drivers/STM32H7xx_HAL_Driver/Src/stm32h7xx_hal_hsem.c" -mcpu=cortex-m7 -std=gnu11 -g3 -DDEBUG -DSTM32H747xx -DUSE_STM32H747I_DISCO -DUSE_HAL_DRIVER -DUSE_PWR_DIRECT_SMPS_SUPPLY -DCORE_CM7 -c -I../../../Common/Inc -I../../../CM7/Inc -I../../../Drivers/CMSIS/Include -I../../../Drivers/CMSIS/Device/ST/STM32H7xx/Include -I../../../Drivers/STM32H7xx_HAL_Driver/Inc -I../../../Drivers/BSP/STM32H747I-DISCO -I../../../Drivers/BSP/Components/Common -I../../../Utilities/lcd -I../../../Utilities/Fonts -I../../../Utilities/CPU -O0 -ffunction-sections -fdata-sections -Wall -fstack-usage -fcyclomatic-complexity -MMD -MP -MF"Drivers/STM32H7xx_HAL_Driver/stm32h7xx_hal_hsem.d" -MT"Drivers/STM32H7xx_HAL_Driver/stm32h7xx_hal_hsem.o" --specs=nano.specs -mfpu=fpv5-d16 -mfloat-abi=hard -mthumb -o "Drivers/STM32H7xx_HAL_Driver/stm32h7xx_hal_hsem.o"
arm-none-eabi-gcc "C:/Users/b1601/Desktop/dsi/STM32CubeH7/Projects/STM32H747I-DISCO/Examples/LCD_DSI/LCD_DSI_CmdMode_DoubleBuffer/Drivers/STM32H7xx_HAL_Driver/Src/stm32h7xx_hal_i2c.c" -mcpu=cortex-m7 -std=gnu11 -g3 -DDEBUG -DSTM32H747xx -DUSE_STM32H747I_DISCO -DUSE_HAL_DRIVER -DUSE_PWR_DIRECT_SMPS_SUPPLY -DCORE_CM7 -c -I../../../Common/Inc -I../../../CM7/Inc -I../../../Drivers/CMSIS/Include -I../../../Drivers/CMSIS/Device/ST/STM32H7xx/Include -I../../../Drivers/STM32H7xx_HAL_Driver/Inc -I../../../Drivers/BSP/STM32H747I-DISCO -I../../../Drivers/BSP/Components/Common -I../../../Utilities/lcd -I../../../Utilities/Fonts -I../../../Utilities/CPU -O0 -ffunction-sections -fdata-sections -Wall -fstack-usage -fcyclomatic-complexity -MMD -MP -MF"Drivers/STM32H7xx_HAL_Driver/stm32h7xx_hal_i2c.d" -MT"Drivers/STM32H7xx_HAL_Driver/stm32h7xx_hal_i2c.o" --specs=nano.specs -mfpu=fpv5-d16 -mfloat-abi=hard -mthumb -o "Drivers/STM32H7xx_HAL_Driver/stm32h7xx_hal_i2c.o"
arm-none-eabi-gcc "C:/Users/b1601/Desktop/dsi/STM32CubeH7/Projects/STM32H747I-DISCO/Examples/LCD_DSI/LCD_DSI_CmdMode_DoubleBuffer/Drivers/STM32H7xx_HAL_Driver/Src/stm32h7xx_hal_i2c_ex.c" -mcpu=cortex-m7 -std=gnu11 -g3 -DDEBUG -DSTM32H747xx -DUSE_STM32H747I_DISCO -DUSE_HAL_DRIVER -DUSE_PWR_DIRECT_SMPS_SUPPLY -DCORE_CM7 -c -I../../../Common/Inc -I../../../CM7/Inc -I../../../Drivers/CMSIS/Include -I../../../Drivers/CMSIS/Device/ST/STM32H7xx/Include -I../../../Drivers/STM32H7xx_HAL_Driver/Inc -I../../../Drivers/BSP/STM32H747I-DISCO -I../../../Drivers/BSP/Components/Common -I../../../Utilities/lcd -I../../../Utilities/Fonts -I../../../Utilities/CPU -O0 -ffunction-sections -fdata-sections -Wall -fstack-usage -fcyclomatic-complexity -MMD -MP -MF"Drivers/STM32H7xx_HAL_Driver/stm32h7xx_hal_i2c_ex.d" -MT"Drivers/STM32H7xx_HAL_Driver/stm32h7xx_hal_i2c_ex.o" --specs=nano.specs -mfpu=fpv5-d16 -mfloat-abi=hard -mthumb -o "Drivers/STM32H7xx_HAL_Driver/stm32h7xx_hal_i2c_ex.o"
arm-none-eabi-gcc "C:/Users/b1601/Desktop/dsi/STM32CubeH7/Projects/STM32H747I-DISCO/Examples/LCD_DSI/LCD_DSI_CmdMode_DoubleBuffer/Drivers/STM32H7xx_HAL_Driver/Src/stm32h7xx_hal_ltdc.c" -mcpu=cortex-m7 -std=gnu11 -g3 -DDEBUG -DSTM32H747xx -DUSE_STM32H747I_DISCO -DUSE_HAL_DRIVER -DUSE_PWR_DIRECT_SMPS_SUPPLY -DCORE_CM7 -c -I../../../Common/Inc -I../../../CM7/Inc -I../../../Drivers/CMSIS/Include -I../../../Drivers/CMSIS/Device/ST/STM32H7xx/Include -I../../../Drivers/STM32H7xx_HAL_Driver/Inc -I../../../Drivers/BSP/STM32H747I-DISCO -I../../../Drivers/BSP/Components/Common -I../../../Utilities/lcd -I../../../Utilities/Fonts -I../../../Utilities/CPU -O0 -ffunction-sections -fdata-sections -Wall -fstack-usage -fcyclomatic-complexity -MMD -MP -MF"Drivers/STM32H7xx_HAL_Driver/stm32h7xx_hal_ltdc.d" -MT"Drivers/STM32H7xx_HAL_Driver/stm32h7xx_hal_ltdc.o" --specs=nano.specs -mfpu=fpv5-d16 -mfloat-abi=hard -mthumb -o "Drivers/STM32H7xx_HAL_Driver/stm32h7xx_hal_ltdc.o"
arm-none-eabi-gcc "C:/Users/b1601/Desktop/dsi/STM32CubeH7/Projects/STM32H747I-DISCO/Examples/LCD_DSI/LCD_DSI_CmdMode_DoubleBuffer/Drivers/STM32H7xx_HAL_Driver/Src/stm32h7xx_hal_ltdc_ex.c" -mcpu=cortex-m7 -std=gnu11 -g3 -DDEBUG -DSTM32H747xx -DUSE_STM32H747I_DISCO -DUSE_HAL_DRIVER -DUSE_PWR_DIRECT_SMPS_SUPPLY -DCORE_CM7 -c -I../../../Common/Inc -I../../../CM7/Inc -I../../../Drivers/CMSIS/Include -I../../../Drivers/CMSIS/Device/ST/STM32H7xx/Include -I../../../Drivers/STM32H7xx_HAL_Driver/Inc -I../../../Drivers/BSP/STM32H747I-DISCO -I../../../Drivers/BSP/Components/Common -I../../../Utilities/lcd -I../../../Utilities/Fonts -I../../../Utilities/CPU -O0 -ffunction-sections -fdata-sections -Wall -fstack-usage -fcyclomatic-complexity -MMD -MP -MF"Drivers/STM32H7xx_HAL_Driver/stm32h7xx_hal_ltdc_ex.d" -MT"Drivers/STM32H7xx_HAL_Driver/stm32h7xx_hal_ltdc_ex.o" --specs=nano.specs -mfpu=fpv5-d16 -mfloat-abi=hard -mthumb -o "Drivers/STM32H7xx_HAL_Driver/stm32h7xx_hal_ltdc_ex.o"
arm-none-eabi-gcc "C:/Users/b1601/Desktop/dsi/STM32CubeH7/Projects/STM32H747I-DISCO/Examples/LCD_DSI/LCD_DSI_CmdMode_DoubleBuffer/Drivers/STM32H7xx_HAL_Driver/Src/stm32h7xx_hal_mdma.c" -mcpu=cortex-m7 -std=gnu11 -g3 -DDEBUG -DSTM32H747xx -DUSE_STM32H747I_DISCO -DUSE_HAL_DRIVER -DUSE_PWR_DIRECT_SMPS_SUPPLY -DCORE_CM7 -c -I../../../Common/Inc -I../../../CM7/Inc -I../../../Drivers/CMSIS/Include -I../../../Drivers/CMSIS/Device/ST/STM32H7xx/Include -I../../../Drivers/STM32H7xx_HAL_Driver/Inc -I../../../Drivers/BSP/STM32H747I-DISCO -I../../../Drivers/BSP/Components/Common -I../../../Utilities/lcd -I../../../Utilities/Fonts -I../../../Utilities/CPU -O0 -ffunction-sections -fdata-sections -Wall -fstack-usage -fcyclomatic-complexity -MMD -MP -MF"Drivers/STM32H7xx_HAL_Driver/stm32h7xx_hal_mdma.d" -MT"Drivers/STM32H7xx_HAL_Driver/stm32h7xx_hal_mdma.o" --specs=nano.specs -mfpu=fpv5-d16 -mfloat-abi=hard -mthumb -o "Drivers/STM32H7xx_HAL_Driver/stm32h7xx_hal_mdma.o"
arm-none-eabi-gcc "C:/Users/b1601/Desktop/dsi/STM32CubeH7/Projects/STM32H747I-DISCO/Examples/LCD_DSI/LCD_DSI_CmdMode_DoubleBuffer/Drivers/STM32H7xx_HAL_Driver/Src/stm32h7xx_hal_pwr.c" -mcpu=cortex-m7 -std=gnu11 -g3 -DDEBUG -DSTM32H747xx -DUSE_STM32H747I_DISCO -DUSE_HAL_DRIVER -DUSE_PWR_DIRECT_SMPS_SUPPLY -DCORE_CM7 -c -I../../../Common/Inc -I../../../CM7/Inc -I../../../Drivers/CMSIS/Include -I../../../Drivers/CMSIS/Device/ST/STM32H7xx/Include -I../../../Drivers/STM32H7xx_HAL_Driver/Inc -I../../../Drivers/BSP/STM32H747I-DISCO -I../../../Drivers/BSP/Components/Common -I../../../Utilities/lcd -I../../../Utilities/Fonts -I../../../Utilities/CPU -O0 -ffunction-sections -fdata-sections -Wall -fstack-usage -fcyclomatic-complexity -MMD -MP -MF"Drivers/STM32H7xx_HAL_Driver/stm32h7xx_hal_pwr.d" -MT"Drivers/STM32H7xx_HAL_Driver/stm32h7xx_hal_pwr.o" --specs=nano.specs -mfpu=fpv5-d16 -mfloat-abi=hard -mthumb -o "Drivers/STM32H7xx_HAL_Driver/stm32h7xx_hal_pwr.o"
arm-none-eabi-gcc "C:/Users/b1601/Desktop/dsi/STM32CubeH7/Projects/STM32H747I-DISCO/Examples/LCD_DSI/LCD_DSI_CmdMode_DoubleBuffer/Drivers/STM32H7xx_HAL_Driver/Src/stm32h7xx_hal_pwr_ex.c" -mcpu=cortex-m7 -std=gnu11 -g3 -DDEBUG -DSTM32H747xx -DUSE_STM32H747I_DISCO -DUSE_HAL_DRIVER -DUSE_PWR_DIRECT_SMPS_SUPPLY -DCORE_CM7 -c -I../../../Common/Inc -I../../../CM7/Inc -I../../../Drivers/CMSIS/Include -I../../../Drivers/CMSIS/Device/ST/STM32H7xx/Include -I../../../Drivers/STM32H7xx_HAL_Driver/Inc -I../../../Drivers/BSP/STM32H747I-DISCO -I../../../Drivers/BSP/Components/Common -I../../../Utilities/lcd -I../../../Utilities/Fonts -I../../../Utilities/CPU -O0 -ffunction-sections -fdata-sections -Wall -fstack-usage -fcyclomatic-complexity -MMD -MP -MF"Drivers/STM32H7xx_HAL_Driver/stm32h7xx_hal_pwr_ex.d" -MT"Drivers/STM32H7xx_HAL_Driver/stm32h7xx_hal_pwr_ex.o" --specs=nano.specs -mfpu=fpv5-d16 -mfloat-abi=hard -mthumb -o "Drivers/STM32H7xx_HAL_Driver/stm32h7xx_hal_pwr_ex.o"
arm-none-eabi-gcc "C:/Users/b1601/Desktop/dsi/STM32CubeH7/Projects/STM32H747I-DISCO/Examples/LCD_DSI/LCD_DSI_CmdMode_DoubleBuffer/Drivers/STM32H7xx_HAL_Driver/Src/stm32h7xx_hal_rcc.c" -mcpu=cortex-m7 -std=gnu11 -g3 -DDEBUG -DSTM32H747xx -DUSE_STM32H747I_DISCO -DUSE_HAL_DRIVER -DUSE_PWR_DIRECT_SMPS_SUPPLY -DCORE_CM7 -c -I../../../Common/Inc -I../../../CM7/Inc -I../../../Drivers/CMSIS/Include -I../../../Drivers/CMSIS/Device/ST/STM32H7xx/Include -I../../../Drivers/STM32H7xx_HAL_Driver/Inc -I../../../Drivers/BSP/STM32H747I-DISCO -I../../../Drivers/BSP/Components/Common -I../../../Utilities/lcd -I../../../Utilities/Fonts -I../../../Utilities/CPU -O0 -ffunction-sections -fdata-sections -Wall -fstack-usage -fcyclomatic-complexity -MMD -MP -MF"Drivers/STM32H7xx_HAL_Driver/stm32h7xx_hal_rcc.d" -MT"Drivers/STM32H7xx_HAL_Driver/stm32h7xx_hal_rcc.o" --specs=nano.specs -mfpu=fpv5-d16 -mfloat-abi=hard -mthumb -o "Drivers/STM32H7xx_HAL_Driver/stm32h7xx_hal_rcc.o"
arm-none-eabi-gcc "C:/Users/b1601/Desktop/dsi/STM32CubeH7/Projects/STM32H747I-DISCO/Examples/LCD_DSI/LCD_DSI_CmdMode_DoubleBuffer/Drivers/STM32H7xx_HAL_Driver/Src/stm32h7xx_hal_rcc_ex.c" -mcpu=cortex-m7 -std=gnu11 -g3 -DDEBUG -DSTM32H747xx -DUSE_STM32H747I_DISCO -DUSE_HAL_DRIVER -DUSE_PWR_DIRECT_SMPS_SUPPLY -DCORE_CM7 -c -I../../../Common/Inc -I../../../CM7/Inc -I../../../Drivers/CMSIS/Include -I../../../Drivers/CMSIS/Device/ST/STM32H7xx/Include -I../../../Drivers/STM32H7xx_HAL_Driver/Inc -I../../../Drivers/BSP/STM32H747I-DISCO -I../../../Drivers/BSP/Components/Common -I../../../Utilities/lcd -I../../../Utilities/Fonts -I../../../Utilities/CPU -O0 -ffunction-sections -fdata-sections -Wall -fstack-usage -fcyclomatic-complexity -MMD -MP -MF"Drivers/STM32H7xx_HAL_Driver/stm32h7xx_hal_rcc_ex.d" -MT"Drivers/STM32H7xx_HAL_Driver/stm32h7xx_hal_rcc_ex.o" --specs=nano.specs -mfpu=fpv5-d16 -mfloat-abi=hard -mthumb -o "Drivers/STM32H7xx_HAL_Driver/stm32h7xx_hal_rcc_ex.o"
arm-none-eabi-gcc "C:/Users/b1601/Desktop/dsi/STM32CubeH7/Projects/STM32H747I-DISCO/Examples/LCD_DSI/LCD_DSI_CmdMode_DoubleBuffer/Drivers/STM32H7xx_HAL_Driver/Src/stm32h7xx_hal_sdram.c" -mcpu=cortex-m7 -std=gnu11 -g3 -DDEBUG -DSTM32H747xx -DUSE_STM32H747I_DISCO -DUSE_HAL_DRIVER -DUSE_PWR_DIRECT_SMPS_SUPPLY -DCORE_CM7 -c -I../../../Common/Inc -I../../../CM7/Inc -I../../../Drivers/CMSIS/Include -I../../../Drivers/CMSIS/Device/ST/STM32H7xx/Include -I../../../Drivers/STM32H7xx_HAL_Driver/Inc -I../../../Drivers/BSP/STM32H747I-DISCO -I../../../Drivers/BSP/Components/Common -I../../../Utilities/lcd -I../../../Utilities/Fonts -I../../../Utilities/CPU -O0 -ffunction-sections -fdata-sections -Wall -fstack-usage -fcyclomatic-complexity -MMD -MP -MF"Drivers/STM32H7xx_HAL_Driver/stm32h7xx_hal_sdram.d" -MT"Drivers/STM32H7xx_HAL_Driver/stm32h7xx_hal_sdram.o" --specs=nano.specs -mfpu=fpv5-d16 -mfloat-abi=hard -mthumb -o "Drivers/STM32H7xx_HAL_Driver/stm32h7xx_hal_sdram.o"
arm-none-eabi-gcc "C:/Users/b1601/Desktop/dsi/STM32CubeH7/Projects/STM32H747I-DISCO/Examples/LCD_DSI/LCD_DSI_CmdMode_DoubleBuffer/Drivers/STM32H7xx_HAL_Driver/Src/stm32h7xx_hal_uart.c" -mcpu=cortex-m7 -std=gnu11 -g3 -DDEBUG -DSTM32H747xx -DUSE_STM32H747I_DISCO -DUSE_HAL_DRIVER -DUSE_PWR_DIRECT_SMPS_SUPPLY -DCORE_CM7 -c -I../../../Common/Inc -I../../../CM7/Inc -I../../../Drivers/CMSIS/Include -I../../../Drivers/CMSIS/Device/ST/STM32H7xx/Include -I../../../Drivers/STM32H7xx_HAL_Driver/Inc -I../../../Drivers/BSP/STM32H747I-DISCO -I../../../Drivers/BSP/Components/Common -I../../../Utilities/lcd -I../../../Utilities/Fonts -I../../../Utilities/CPU -O0 -ffunction-sections -fdata-sections -Wall -fstack-usage -fcyclomatic-complexity -MMD -MP -MF"Drivers/STM32H7xx_HAL_Driver/stm32h7xx_hal_uart.d" -MT"Drivers/STM32H7xx_HAL_Driver/stm32h7xx_hal_uart.o" --specs=nano.specs -mfpu=fpv5-d16 -mfloat-abi=hard -mthumb -o "Drivers/STM32H7xx_HAL_Driver/stm32h7xx_hal_uart.o"
arm-none-eabi-gcc "C:/Users/b1601/Desktop/dsi/STM32CubeH7/Projects/STM32H747I-DISCO/Examples/LCD_DSI/LCD_DSI_CmdMode_DoubleBuffer/Drivers/STM32H7xx_HAL_Driver/Src/stm32h7xx_hal_uart_ex.c" -mcpu=cortex-m7 -std=gnu11 -g3 -DDEBUG -DSTM32H747xx -DUSE_STM32H747I_DISCO -DUSE_HAL_DRIVER -DUSE_PWR_DIRECT_SMPS_SUPPLY -DCORE_CM7 -c -I../../../Common/Inc -I../../../CM7/Inc -I../../../Drivers/CMSIS/Include -I../../../Drivers/CMSIS/Device/ST/STM32H7xx/Include -I../../../Drivers/STM32H7xx_HAL_Driver/Inc -I../../../Drivers/BSP/STM32H747I-DISCO -I../../../Drivers/BSP/Components/Common -I../../../Utilities/lcd -I../../../Utilities/Fonts -I../../../Utilities/CPU -O0 -ffunction-sections -fdata-sections -Wall -fstack-usage -fcyclomatic-complexity -MMD -MP -MF"Drivers/STM32H7xx_HAL_Driver/stm32h7xx_hal_uart_ex.d" -MT"Drivers/STM32H7xx_HAL_Driver/stm32h7xx_hal_uart_ex.o" --specs=nano.specs -mfpu=fpv5-d16 -mfloat-abi=hard -mthumb -o "Drivers/STM32H7xx_HAL_Driver/stm32h7xx_hal_uart_ex.o"
arm-none-eabi-gcc "C:/Users/b1601/Desktop/dsi/STM32CubeH7/Projects/STM32H747I-DISCO/Examples/LCD_DSI/LCD_DSI_CmdMode_DoubleBuffer/Drivers/STM32H7xx_HAL_Driver/Src/stm32h7xx_ll_fmc.c" -mcpu=cortex-m7 -std=gnu11 -g3 -DDEBUG -DSTM32H747xx -DUSE_STM32H747I_DISCO -DUSE_HAL_DRIVER -DUSE_PWR_DIRECT_SMPS_SUPPLY -DCORE_CM7 -c -I../../../Common/Inc -I../../../CM7/Inc -I../../../Drivers/CMSIS/Include -I../../../Drivers/CMSIS/Device/ST/STM32H7xx/Include -I../../../Drivers/STM32H7xx_HAL_Driver/Inc -I../../../Drivers/BSP/STM32H747I-DISCO -I../../../Drivers/BSP/Components/Common -I../../../Utilities/lcd -I../../../Utilities/Fonts -I../../../Utilities/CPU -O0 -ffunction-sections -fdata-sections -Wall -fstack-usage -fcyclomatic-complexity -MMD -MP -MF"Drivers/STM32H7xx_HAL_Driver/stm32h7xx_ll_fmc.d" -MT"Drivers/STM32H7xx_HAL_Driver/stm32h7xx_ll_fmc.o" --specs=nano.specs -mfpu=fpv5-d16 -mfloat-abi=hard -mthumb -o "Drivers/STM32H7xx_HAL_Driver/stm32h7xx_ll_fmc.o"
arm-none-eabi-gcc "C:/Users/b1601/Desktop/dsi/STM32CubeH7/Projects/STM32H747I-DISCO/Examples/LCD_DSI/LCD_DSI_CmdMode_DoubleBuffer/Common/Src/system_stm32h7xx.c" -mcpu=cortex-m7 -std=gnu11 -g3 -DDEBUG -DSTM32H747xx -DUSE_STM32H747I_DISCO -DUSE_HAL_DRIVER -DUSE_PWR_DIRECT_SMPS_SUPPLY -DCORE_CM7 -c -I../../../Common/Inc -I../../../CM7/Inc -I../../../Drivers/CMSIS/Include -I../../../Drivers/CMSIS/Device/ST/STM32H7xx/Include -I../../../Drivers/STM32H7xx_HAL_Driver/Inc -I../../../Drivers/BSP/STM32H747I-DISCO -I../../../Drivers/BSP/Components/Common -I../../../Utilities/lcd -I../../../Utilities/Fonts -I../../../Utilities/CPU -O0 -ffunction-sections -fdata-sections -Wall -fstack-usage -fcyclomatic-complexity -MMD -MP -MF"Drivers/CMSIS/system_stm32h7xx.d" -MT"Drivers/CMSIS/system_stm32h7xx.o" --specs=nano.specs -mfpu=fpv5-d16 -mfloat-abi=hard -mthumb -o "Drivers/CMSIS/system_stm32h7xx.o"
arm-none-eabi-gcc "C:/Users/b1601/Desktop/dsi/STM32CubeH7/Projects/STM32H747I-DISCO/Examples/LCD_DSI/LCD_DSI_CmdMode_DoubleBuffer/Drivers/BSP/STM32H747I-DISCO/stm32h747i_discovery.c" -mcpu=cortex-m7 -std=gnu11 -g3 -DDEBUG -DSTM32H747xx -DUSE_STM32H747I_DISCO -DUSE_HAL_DRIVER -DUSE_PWR_DIRECT_SMPS_SUPPLY -DCORE_CM7 -c -I../../../Common/Inc -I../../../CM7/Inc -I../../../Drivers/CMSIS/Include -I../../../Drivers/CMSIS/Device/ST/STM32H7xx/Include -I../../../Drivers/STM32H7xx_HAL_Driver/Inc -I../../../Drivers/BSP/STM32H747I-DISCO -I../../../Drivers/BSP/Components/Common -I../../../Utilities/lcd -I../../../Utilities/Fonts -I../../../Utilities/CPU -O0 -ffunction-sections -fdata-sections -Wall -fstack-usage -fcyclomatic-complexity -MMD -MP -MF"Drivers/BSP/STM32H747I_DISCO/stm32h747i_discovery.d" -MT"Drivers/BSP/STM32H747I_DISCO/stm32h747i_discovery.o" --specs=nano.specs -mfpu=fpv5-d16 -mfloat-abi=hard -mthumb -o "Drivers/BSP/STM32H747I_DISCO/stm32h747i_discovery.o"
arm-none-eabi-gcc "C:/Users/b1601/Desktop/dsi/STM32CubeH7/Projects/STM32H747I-DISCO/Examples/LCD_DSI/LCD_DSI_CmdMode_DoubleBuffer/Drivers/BSP/STM32H747I-DISCO/stm32h747i_discovery_bus.c" -mcpu=cortex-m7 -std=gnu11 -g3 -DDEBUG -DSTM32H747xx -DUSE_STM32H747I_DISCO -DUSE_HAL_DRIVER -DUSE_PWR_DIRECT_SMPS_SUPPLY -DCORE_CM7 -c -I../../../Common/Inc -I../../../CM7/Inc -I../../../Drivers/CMSIS/Include -I../../../Drivers/CMSIS/Device/ST/STM32H7xx/Include -I../../../Drivers/STM32H7xx_HAL_Driver/Inc -I../../../Drivers/BSP/STM32H747I-DISCO -I../../../Drivers/BSP/Components/Common -I../../../Utilities/lcd -I../../../Utilities/Fonts -I../../../Utilities/CPU -O0 -ffunction-sections -fdata-sections -Wall -fstack-usage -fcyclomatic-complexity -MMD -MP -MF"Drivers/BSP/STM32H747I_DISCO/stm32h747i_discovery_bus.d" -MT"Drivers/BSP/STM32H747I_DISCO/stm32h747i_discovery_bus.o" --specs=nano.specs -mfpu=fpv5-d16 -mfloat-abi=hard -mthumb -o "Drivers/BSP/STM32H747I_DISCO/stm32h747i_discovery_bus.o"
arm-none-eabi-gcc "C:/Users/b1601/Desktop/dsi/STM32CubeH7/Projects/STM32H747I-DISCO/Examples/LCD_DSI/LCD_DSI_CmdMode_DoubleBuffer/Drivers/BSP/STM32H747I-DISCO/stm32h747i_discovery_lcd.c" -mcpu=cortex-m7 -std=gnu11 -g3 -DDEBUG -DSTM32H747xx -DUSE_STM32H747I_DISCO -DUSE_HAL_DRIVER -DUSE_PWR_DIRECT_SMPS_SUPPLY -DCORE_CM7 -c -I../../../Common/Inc -I../../../CM7/Inc -I../../../Drivers/CMSIS/Include -I../../../Drivers/CMSIS/Device/ST/STM32H7xx/Include -I../../../Drivers/STM32H7xx_HAL_Driver/Inc -I../../../Drivers/BSP/STM32H747I-DISCO -I../../../Drivers/BSP/Components/Common -I../../../Utilities/lcd -I../../../Utilities/Fonts -I../../../Utilities/CPU -O0 -ffunction-sections -fdata-sections -Wall -fstack-usage -fcyclomatic-complexity -MMD -MP -MF"Drivers/BSP/STM32H747I_DISCO/stm32h747i_discovery_lcd.d" -MT"Drivers/BSP/STM32H747I_DISCO/stm32h747i_discovery_lcd.o" --specs=nano.specs -mfpu=fpv5-d16 -mfloat-abi=hard -mthumb -o "Drivers/BSP/STM32H747I_DISCO/stm32h747i_discovery_lcd.o"
arm-none-eabi-gcc "C:/Users/b1601/Desktop/dsi/STM32CubeH7/Projects/STM32H747I-DISCO/Examples/LCD_DSI/LCD_DSI_CmdMode_DoubleBuffer/Drivers/BSP/STM32H747I-DISCO/stm32h747i_discovery_sdram.c" -mcpu=cortex-m7 -std=gnu11 -g3 -DDEBUG -DSTM32H747xx -DUSE_STM32H747I_DISCO -DUSE_HAL_DRIVER -DUSE_PWR_DIRECT_SMPS_SUPPLY -DCORE_CM7 -c -I../../../Common/Inc -I../../../CM7/Inc -I../../../Drivers/CMSIS/Include -I../../../Drivers/CMSIS/Device/ST/STM32H7xx/Include -I../../../Drivers/STM32H7xx_HAL_Driver/Inc -I../../../Drivers/BSP/STM32H747I-DISCO -I../../../Drivers/BSP/Components/Common -I../../../Utilities/lcd -I../../../Utilities/Fonts -I../../../Utilities/CPU -O0 -ffunction-sections -fdata-sections -Wall -fstack-usage -fcyclomatic-complexity -MMD -MP -MF"Drivers/BSP/STM32H747I_DISCO/stm32h747i_discovery_sdram.d" -MT"Drivers/BSP/STM32H747I_DISCO/stm32h747i_discovery_sdram.o" --specs=nano.specs -mfpu=fpv5-d16 -mfloat-abi=hard -mthumb -o "Drivers/BSP/STM32H747I_DISCO/stm32h747i_discovery_sdram.o"
arm-none-eabi-gcc "C:/Users/b1601/Desktop/dsi/STM32CubeH7/Projects/STM32H747I-DISCO/Examples/LCD_DSI/LCD_DSI_CmdMode_DoubleBuffer/Drivers/BSP/Components/is42s32800j/is42s32800j.c" -mcpu=cortex-m7 -std=gnu11 -g3 -DDEBUG -DSTM32H747xx -DUSE_STM32H747I_DISCO -DUSE_HAL_DRIVER -DUSE_PWR_DIRECT_SMPS_SUPPLY -DCORE_CM7 -c -I../../../Common/Inc -I../../../CM7/Inc -I../../../Drivers/CMSIS/Include -I../../../Drivers/CMSIS/Device/ST/STM32H7xx/Include -I../../../Drivers/STM32H7xx_HAL_Driver/Inc -I../../../Drivers/BSP/STM32H747I-DISCO -I../../../Drivers/BSP/Components/Common -I../../../Utilities/lcd -I../../../Utilities/Fonts -I../../../Utilities/CPU -O0 -ffunction-sections -fdata-sections -Wall -fstack-usage -fcyclomatic-complexity -MMD -MP -MF"Drivers/BSP/Components/is42s32800j.d" -MT"Drivers/BSP/Components/is42s32800j.o" --specs=nano.specs -mfpu=fpv5-d16 -mfloat-abi=hard -mthumb -o "Drivers/BSP/Components/is42s32800j.o"
arm-none-eabi-gcc "C:/Users/b1601/Desktop/dsi/STM32CubeH7/Projects/STM32H747I-DISCO/Examples/LCD_DSI/LCD_DSI_CmdMode_DoubleBuffer/Drivers/BSP/Components/nt35510/nt35510.c" -mcpu=cortex-m7 -std=gnu11 -g3 -DDEBUG -DSTM32H747xx -DUSE_STM32H747I_DISCO -DUSE_HAL_DRIVER -DUSE_PWR_DIRECT_SMPS_SUPPLY -DCORE_CM7 -c -I../../../Common/Inc -I../../../CM7/Inc -I../../../Drivers/CMSIS/Include -I../../../Drivers/CMSIS/Device/ST/STM32H7xx/Include -I../../../Drivers/STM32H7xx_HAL_Driver/Inc -I../../../Drivers/BSP/STM32H747I-DISCO -I../../../Drivers/BSP/Components/Common -I../../../Utilities/lcd -I../../../Utilities/Fonts -I../../../Utilities/CPU -O0 -ffunction-sections -fdata-sections -Wall -fstack-usage -fcyclomatic-complexity -MMD -MP -MF"Drivers/BSP/Components/nt35510.d" -MT"Drivers/BSP/Components/nt35510.o" --specs=nano.specs -mfpu=fpv5-d16 -mfloat-abi=hard -mthumb -o "Drivers/BSP/Components/nt35510.o"
arm-none-eabi-gcc "C:/Users/b1601/Desktop/dsi/STM32CubeH7/Projects/STM32H747I-DISCO/Examples/LCD_DSI/LCD_DSI_CmdMode_DoubleBuffer/Drivers/BSP/Components/nt35510/nt35510_reg.c" -mcpu=cortex-m7 -std=gnu11 -g3 -DDEBUG -DSTM32H747xx -DUSE_STM32H747I_DISCO -DUSE_HAL_DRIVER -DUSE_PWR_DIRECT_SMPS_SUPPLY -DCORE_CM7 -c -I../../../Common/Inc -I../../../CM7/Inc -I../../../Drivers/CMSIS/Include -I../../../Drivers/CMSIS/Device/ST/STM32H7xx/Include -I../../../Drivers/STM32H7xx_HAL_Driver/Inc -I../../../Drivers/BSP/STM32H747I-DISCO -I../../../Drivers/BSP/Components/Common -I../../../Utilities/lcd -I../../../Utilities/Fonts -I../../../Utilities/CPU -O0 -ffunction-sections -fdata-sections -Wall -fstack-usage -fcyclomatic-complexity -MMD -MP -MF"Drivers/BSP/Components/nt35510_reg.d" -MT"Drivers/BSP/Components/nt35510_reg.o" --specs=nano.specs -mfpu=fpv5-d16 -mfloat-abi=hard -mthumb -o "Drivers/BSP/Components/nt35510_reg.o"
arm-none-eabi-gcc "C:/Users/b1601/Desktop/dsi/STM32CubeH7/Projects/STM32H747I-DISCO/Examples/LCD_DSI/LCD_DSI_CmdMode_DoubleBuffer/Drivers/BSP/Components/otm8009a/otm8009a.c" -mcpu=cortex-m7 -std=gnu11 -g3 -DDEBUG -DSTM32H747xx -DUSE_STM32H747I_DISCO -DUSE_HAL_DRIVER -DUSE_PWR_DIRECT_SMPS_SUPPLY -DCORE_CM7 -c -I../../../Common/Inc -I../../../CM7/Inc -I../../../Drivers/CMSIS/Include -I../../../Drivers/CMSIS/Device/ST/STM32H7xx/Include -I../../../Drivers/STM32H7xx_HAL_Driver/Inc -I../../../Drivers/BSP/STM32H747I-DISCO -I../../../Drivers/BSP/Components/Common -I../../../Utilities/lcd -I../../../Utilities/Fonts -I../../../Utilities/CPU -O0 -ffunction-sections -fdata-sections -Wall -fstack-usage -fcyclomatic-complexity -MMD -MP -MF"Drivers/BSP/Components/otm8009a.d" -MT"Drivers/BSP/Components/otm8009a.o" --specs=nano.specs -mfpu=fpv5-d16 -mfloat-abi=hard -mthumb -o "Drivers/BSP/Components/otm8009a.o"
arm-none-eabi-gcc "C:/Users/b1601/Desktop/dsi/STM32CubeH7/Projects/STM32H747I-DISCO/Examples/LCD_DSI/LCD_DSI_CmdMode_DoubleBuffer/Drivers/BSP/Components/otm8009a/otm8009a_reg.c" -mcpu=cortex-m7 -std=gnu11 -g3 -DDEBUG -DSTM32H747xx -DUSE_STM32H747I_DISCO -DUSE_HAL_DRIVER -DUSE_PWR_DIRECT_SMPS_SUPPLY -DCORE_CM7 -c -I../../../Common/Inc -I../../../CM7/Inc -I../../../Drivers/CMSIS/Include -I../../../Drivers/CMSIS/Device/ST/STM32H7xx/Include -I../../../Drivers/STM32H7xx_HAL_Driver/Inc -I../../../Drivers/BSP/STM32H747I-DISCO -I../../../Drivers/BSP/Components/Common -I../../../Utilities/lcd -I../../../Utilities/Fonts -I../../../Utilities/CPU -O0 -ffunction-sections -fdata-sections -Wall -fstack-usage -fcyclomatic-complexity -MMD -MP -MF"Drivers/BSP/Components/otm8009a_reg.d" -MT"Drivers/BSP/Components/otm8009a_reg.o" --specs=nano.specs -mfpu=fpv5-d16 -mfloat-abi=hard -mthumb -o "Drivers/BSP/Components/otm8009a_reg.o"
arm-none-eabi-gcc -o "LCD_DSI_CmdMode_DoubleBuffer_CM7.elf" @"objects.list"   -mcpu=cortex-m7 -T"C:\Users\b1601\Desktop\dsi\STM32CubeH7\Projects\STM32H747I-DISCO\Examples\LCD_DSI\LCD_DSI_CmdMode_DoubleBuffer\STM32CubeIDE\CM7\STM32H747XIHX_FLASH.ld" --specs=nosys.specs -Wl,-Map="LCD_DSI_CmdMode_DoubleBuffer_CM7.map" -Wl,--gc-sections -static --specs=nano.specs -mfpu=fpv5-d16 -mfloat-abi=hard -mthumb -Wl,--start-group -lc -lm -Wl,--end-group
Finished building target: LCD_DSI_CmdMode_DoubleBuffer_CM7.elf
 
arm-none-eabi-size  LCD_DSI_CmdMode_DoubleBuffer_CM7.elf 
arm-none-eabi-objdump -h -S LCD_DSI_CmdMode_DoubleBuffer_CM7.elf  > "LCD_DSI_CmdMode_DoubleBuffer_CM7.list"
   text	   data	    bss	    dec	    hex	filename
 657756	     60	   2680	 660496	  a1410	LCD_DSI_CmdMode_DoubleBuffer_CM7.elf
Finished building: default.size.stdout
 
Finished building: LCD_DSI_CmdMode_DoubleBuffer_CM7.list
 

10:09:22 Build Finished. 0 errors, 0 warnings. (took 10s.5ms)

