Archive member included to satisfy reference by file (symbol)

C:/ST/STM32CubeIDE_1.18.0/STM32CubeIDE/plugins/com.st.stm32cube.ide.mcu.externaltools.gnu-tools-for-stm32.13.3.rel1.win32_1.0.0.202411081344/tools/bin/../lib/gcc/arm-none-eabi/13.3.1/../../../../arm-none-eabi/lib/thumb/v7e-m+dp/hard\libc_nano.a(libc_a-exit.o)
                              C:/ST/STM32CubeIDE_1.18.0/STM32CubeIDE/plugins/com.st.stm32cube.ide.mcu.externaltools.gnu-tools-for-stm32.13.3.rel1.win32_1.0.0.202411081344/tools/bin/../lib/gcc/arm-none-eabi/13.3.1/../../../../arm-none-eabi/lib/thumb/v7e-m+dp/hard/crt0.o (exit)
C:/ST/STM32CubeIDE_1.18.0/STM32CubeIDE/plugins/com.st.stm32cube.ide.mcu.externaltools.gnu-tools-for-stm32.13.3.rel1.win32_1.0.0.202411081344/tools/bin/../lib/gcc/arm-none-eabi/13.3.1/../../../../arm-none-eabi/lib/thumb/v7e-m+dp/hard\libc_nano.a(libc_a-malloc.o)
                              ./Middlewares/FatFs/Options/syscall.o (malloc)
C:/ST/STM32CubeIDE_1.18.0/STM32CubeIDE/plugins/com.st.stm32cube.ide.mcu.externaltools.gnu-tools-for-stm32.13.3.rel1.win32_1.0.0.202411081344/tools/bin/../lib/gcc/arm-none-eabi/13.3.1/../../../../arm-none-eabi/lib/thumb/v7e-m+dp/hard\libc_nano.a(libc_a-mallocr.o)
                              C:/ST/STM32CubeIDE_1.18.0/STM32CubeIDE/plugins/com.st.stm32cube.ide.mcu.externaltools.gnu-tools-for-stm32.13.3.rel1.win32_1.0.0.202411081344/tools/bin/../lib/gcc/arm-none-eabi/13.3.1/../../../../arm-none-eabi/lib/thumb/v7e-m+dp/hard\libc_nano.a(libc_a-malloc.o) (_malloc_r)
C:/ST/STM32CubeIDE_1.18.0/STM32CubeIDE/plugins/com.st.stm32cube.ide.mcu.externaltools.gnu-tools-for-stm32.13.3.rel1.win32_1.0.0.202411081344/tools/bin/../lib/gcc/arm-none-eabi/13.3.1/../../../../arm-none-eabi/lib/thumb/v7e-m+dp/hard\libc_nano.a(libc_a-mlock.o)
                              C:/ST/STM32CubeIDE_1.18.0/STM32CubeIDE/plugins/com.st.stm32cube.ide.mcu.externaltools.gnu-tools-for-stm32.13.3.rel1.win32_1.0.0.202411081344/tools/bin/../lib/gcc/arm-none-eabi/13.3.1/../../../../arm-none-eabi/lib/thumb/v7e-m+dp/hard\libc_nano.a(libc_a-mallocr.o) (__malloc_lock)
C:/ST/STM32CubeIDE_1.18.0/STM32CubeIDE/plugins/com.st.stm32cube.ide.mcu.externaltools.gnu-tools-for-stm32.13.3.rel1.win32_1.0.0.202411081344/tools/bin/../lib/gcc/arm-none-eabi/13.3.1/../../../../arm-none-eabi/lib/thumb/v7e-m+dp/hard\libc_nano.a(libc_a-findfp.o)
                              C:/ST/STM32CubeIDE_1.18.0/STM32CubeIDE/plugins/com.st.stm32cube.ide.mcu.externaltools.gnu-tools-for-stm32.13.3.rel1.win32_1.0.0.202411081344/tools/bin/../lib/gcc/arm-none-eabi/13.3.1/../../../../arm-none-eabi/lib/thumb/v7e-m+dp/hard\libc_nano.a(libc_a-exit.o) (__stdio_exit_handler)
C:/ST/STM32CubeIDE_1.18.0/STM32CubeIDE/plugins/com.st.stm32cube.ide.mcu.externaltools.gnu-tools-for-stm32.13.3.rel1.win32_1.0.0.202411081344/tools/bin/../lib/gcc/arm-none-eabi/13.3.1/../../../../arm-none-eabi/lib/thumb/v7e-m+dp/hard\libc_nano.a(libc_a-fwalk.o)
                              C:/ST/STM32CubeIDE_1.18.0/STM32CubeIDE/plugins/com.st.stm32cube.ide.mcu.externaltools.gnu-tools-for-stm32.13.3.rel1.win32_1.0.0.202411081344/tools/bin/../lib/gcc/arm-none-eabi/13.3.1/../../../../arm-none-eabi/lib/thumb/v7e-m+dp/hard\libc_nano.a(libc_a-findfp.o) (_fwalk_sglue)
C:/ST/STM32CubeIDE_1.18.0/STM32CubeIDE/plugins/com.st.stm32cube.ide.mcu.externaltools.gnu-tools-for-stm32.13.3.rel1.win32_1.0.0.202411081344/tools/bin/../lib/gcc/arm-none-eabi/13.3.1/../../../../arm-none-eabi/lib/thumb/v7e-m+dp/hard\libc_nano.a(libc_a-stdio.o)
                              C:/ST/STM32CubeIDE_1.18.0/STM32CubeIDE/plugins/com.st.stm32cube.ide.mcu.externaltools.gnu-tools-for-stm32.13.3.rel1.win32_1.0.0.202411081344/tools/bin/../lib/gcc/arm-none-eabi/13.3.1/../../../../arm-none-eabi/lib/thumb/v7e-m+dp/hard\libc_nano.a(libc_a-findfp.o) (__sread)
C:/ST/STM32CubeIDE_1.18.0/STM32CubeIDE/plugins/com.st.stm32cube.ide.mcu.externaltools.gnu-tools-for-stm32.13.3.rel1.win32_1.0.0.202411081344/tools/bin/../lib/gcc/arm-none-eabi/13.3.1/../../../../arm-none-eabi/lib/thumb/v7e-m+dp/hard\libc_nano.a(libc_a-memset.o)
                              C:/ST/STM32CubeIDE_1.18.0/STM32CubeIDE/plugins/com.st.stm32cube.ide.mcu.externaltools.gnu-tools-for-stm32.13.3.rel1.win32_1.0.0.202411081344/tools/bin/../lib/gcc/arm-none-eabi/13.3.1/../../../../arm-none-eabi/lib/thumb/v7e-m+dp/hard/crt0.o (memset)
C:/ST/STM32CubeIDE_1.18.0/STM32CubeIDE/plugins/com.st.stm32cube.ide.mcu.externaltools.gnu-tools-for-stm32.13.3.rel1.win32_1.0.0.202411081344/tools/bin/../lib/gcc/arm-none-eabi/13.3.1/../../../../arm-none-eabi/lib/thumb/v7e-m+dp/hard\libc_nano.a(libc_a-closer.o)
                              C:/ST/STM32CubeIDE_1.18.0/STM32CubeIDE/plugins/com.st.stm32cube.ide.mcu.externaltools.gnu-tools-for-stm32.13.3.rel1.win32_1.0.0.202411081344/tools/bin/../lib/gcc/arm-none-eabi/13.3.1/../../../../arm-none-eabi/lib/thumb/v7e-m+dp/hard\libc_nano.a(libc_a-stdio.o) (_close_r)
[...]
Memory Configuration

Name             Origin             Length             Attributes
FLASH            0x08000000         0x00100000         xr
RAM              0x20000000         0x00020000         xrw
ITCMRAM          0x00000000         0x00010000         xrw
*default*        0x00000000         0xffffffff

Linker script and memory map

LOAD C:/ST/STM32CubeIDE_1.18.0/STM32CubeIDE/plugins/com.st.stm32cube.ide.mcu.externaltools.gnu-tools-for-stm32.13.3.rel1.win32_1.0.0.202411081344/tools/bin/../lib/gcc/arm-none-eabi/13.3.1/thumb/v7e-m+dp/hard/crti.o
LOAD C:/ST/STM32CubeIDE_1.18.0/STM32CubeIDE/plugins/com.st.stm32cube.ide.mcu.externaltools.gnu-tools-for-stm32.13.3.rel1.win32_1.0.0.202411081344/tools/bin/../lib/gcc/arm-none-eabi/13.3.1/thumb/v7e-m+dp/hard/crtbegin.o
LOAD C:/ST/STM32CubeIDE_1.18.0/STM32CubeIDE/plugins/com.st.stm32cube.ide.mcu.externaltools.gnu-tools-for-stm32.13.3.rel1.win32_1.0.0.202411081344/tools/bin/../lib/gcc/arm-none-eabi/13.3.1/../../../../arm-none-eabi/lib/thumb/v7e-m+dp/hard/crt0.o
LOAD ./Drivers/BSP/Components/adv7533.o
LOAD ./Drivers/BSP/Components/is42s32800j.o
LOAD ./Drivers/BSP/Components/nt35510.o
LOAD ./Drivers/BSP/Components/nt35510_reg.o
LOAD ./Drivers/BSP/Components/otm8009a.o
LOAD ./Drivers/BSP/Components/otm8009a_reg.o
LOAD ./Drivers/BSP/STM32H747I_DISCO/stm32h747i_discovery.o
LOAD ./Drivers/BSP/STM32H747I_DISCO/stm32h747i_discovery_bus.o
LOAD ./Drivers/BSP/STM32H747I_DISCO/stm32h747i_discovery_lcd.o
LOAD ./Drivers/BSP/STM32H747I_DISCO/stm32h747i_discovery_sd.o
LOAD ./Drivers/BSP/STM32H747I_DISCO/stm32h747i_discovery_sdram.o
LOAD ./Drivers/CMSIS/system_stm32h7xx.o
LOAD ./Drivers/STM32H7xx_HAL_Driver/stm32h7xx_hal.o
LOAD ./Drivers/STM32H7xx_HAL_Driver/stm32h7xx_hal_adc.o
LOAD ./Drivers/STM32H7xx_HAL_Driver/stm32h7xx_hal_adc_ex.o
LOAD ./Drivers/STM32H7xx_HAL_Driver/stm32h7xx_hal_cortex.o
LOAD ./Drivers/STM32H7xx_HAL_Driver/stm32h7xx_hal_dma.o
LOAD ./Drivers/STM32H7xx_HAL_Driver/stm32h7xx_hal_dma2d.o
LOAD ./Drivers/STM32H7xx_HAL_Driver/stm32h7xx_hal_dma_ex.o
LOAD ./Drivers/STM32H7xx_HAL_Driver/stm32h7xx_hal_dsi.o
LOAD ./Drivers/STM32H7xx_HAL_Driver/stm32h7xx_hal_gpio.o
LOAD ./Drivers/STM32H7xx_HAL_Driver/stm32h7xx_hal_hsem.o
LOAD ./Drivers/STM32H7xx_HAL_Driver/stm32h7xx_hal_i2c.o
LOAD ./Drivers/STM32H7xx_HAL_Driver/stm32h7xx_hal_i2c_ex.o
LOAD ./Drivers/STM32H7xx_HAL_Driver/stm32h7xx_hal_jpeg.o
LOAD ./Drivers/STM32H7xx_HAL_Driver/stm32h7xx_hal_ltdc.o
LOAD ./Drivers/STM32H7xx_HAL_Driver/stm32h7xx_hal_ltdc_ex.o
LOAD ./Drivers/STM32H7xx_HAL_Driver/stm32h7xx_hal_mdma.o
LOAD ./Drivers/STM32H7xx_HAL_Driver/stm32h7xx_hal_pwr.o
LOAD ./Drivers/STM32H7xx_HAL_Driver/stm32h7xx_hal_pwr_ex.o
LOAD ./Drivers/STM32H7xx_HAL_Driver/stm32h7xx_hal_rcc.o
LOAD ./Drivers/STM32H7xx_HAL_Driver/stm32h7xx_hal_rcc_ex.o
LOAD ./Drivers/STM32H7xx_HAL_Driver/stm32h7xx_hal_sd.o
LOAD ./Drivers/STM32H7xx_HAL_Driver/stm32h7xx_hal_sd_ex.o
LOAD ./Drivers/STM32H7xx_HAL_Driver/stm32h7xx_hal_sdram.o
LOAD ./Drivers/STM32H7xx_HAL_Driver/stm32h7xx_hal_uart.o
LOAD ./Drivers/STM32H7xx_HAL_Driver/stm32h7xx_hal_uart_ex.o
LOAD ./Drivers/STM32H7xx_HAL_Driver/stm32h7xx_ll_delayblock.o
LOAD ./Drivers/STM32H7xx_HAL_Driver/stm32h7xx_ll_fmc.o
LOAD ./Drivers/STM32H7xx_HAL_Driver/stm32h7xx_ll_sdmmc.o
LOAD ./Example/User/CM7/decode_dma.o
LOAD ./Example/User/CM7/main.o
LOAD ./Example/User/CM7/sd_diskio.o
LOAD ./Example/User/CM7/stm32h7xx_hal_msp.o
LOAD ./Example/User/CM7/stm32h7xx_it.o
LOAD ./Example/User/CM7/syscalls.o
LOAD ./Example/User/CM7/sysmem.o
LOAD ./Example/User/Startup/startup_stm32h747xihx.o
LOAD ./Middlewares/FatFs/Core/diskio.o
LOAD ./Middlewares/FatFs/Core/ff.o
LOAD ./Middlewares/FatFs/Core/ff_gen_drv.o
LOAD ./Middlewares/FatFs/Options/syscall.o
LOAD ./Middlewares/FatFs/Options/unicode.o
LOAD ./Utilities/stm32_lcd.o
START GROUP
LOAD C:/ST/STM32CubeIDE_1.18.0/STM32CubeIDE/plugins/com.st.stm32cube.ide.mcu.externaltools.gnu-tools-for-stm32.13.3.rel1.win32_1.0.0.202411081344/tools/bin/../lib/gcc/arm-none-eabi/13.3.1/../../../../arm-none-eabi/lib/thumb/v7e-m+dp/hard\libc_nano.a
LOAD C:/ST/STM32CubeIDE_1.18.0/STM32CubeIDE/plugins/com.st.stm32cube.ide.mcu.externaltools.gnu-tools-for-stm32.13.3.rel1.win32_1.0.0.202411081344/tools/bin/../lib/gcc/arm-none-eabi/13.3.1/../../../../arm-none-eabi/lib/thumb/v7e-m+dp/hard\libm.a
END GROUP
START GROUP
LOAD C:/ST/STM32CubeIDE_1.18.0/STM32CubeIDE/plugins/com.st.stm32cube.ide.mcu.externaltools.gnu-tools-for-stm32.13.3.rel1.win32_1.0.0.202411081344/tools/bin/../lib/gcc/arm-none-eabi/13.3.1/thumb/v7e-m+dp/hard\libgcc.a
LOAD C:/ST/STM32CubeIDE_1.18.0/STM32CubeIDE/plugins/com.st.stm32cube.ide.mcu.externaltools.gnu-tools-for-stm32.13.3.rel1.win32_1.0.0.202411081344/tools/bin/../lib/gcc/arm-none-eabi/13.3.1/../../../../arm-none-eabi/lib/thumb/v7e-m+dp/hard\libc_nano.a
END GROUP
START GROUP
LOAD C:/ST/STM32CubeIDE_1.18.0/STM32CubeIDE/plugins/com.st.stm32cube.ide.mcu.externaltools.gnu-tools-for-stm32.13.3.rel1.win32_1.0.0.202411081344/tools/bin/../lib/gcc/arm-none-eabi/13.3.1/thumb/v7e-m+dp/hard\libgcc.a
LOAD C:/ST/STM32CubeIDE_1.18.0/STM32CubeIDE/plugins/com.st.stm32cube.ide.mcu.externaltools.gnu-tools-for-stm32.13.3.rel1.win32_1.0.0.202411081344/tools/bin/../lib/gcc/arm-none-eabi/13.3.1/../../../../arm-none-eabi/lib/thumb/v7e-m+dp/hard\libc_nano.a
LOAD C:/ST/STM32CubeIDE_1.18.0/STM32CubeIDE/plugins/com.st.stm32cube.ide.mcu.externaltools.gnu-tools-for-stm32.13.3.rel1.win32_1.0.0.202411081344/tools/bin/../lib/gcc/arm-none-eabi/13.3.1/../../../../arm-none-eabi/lib/thumb/v7e-m+dp/hard\libnosys.a
END GROUP
START GROUP
LOAD C:/ST/STM32CubeIDE_1.18.0/STM32CubeIDE/plugins/com.st.stm32cube.ide.mcu.externaltools.gnu-tools-for-stm32.13.3.rel1.win32_1.0.0.202411081344/tools/bin/../lib/gcc/arm-none-eabi/13.3.1/thumb/v7e-m+dp/hard\libgcc.a
LOAD C:/ST/STM32CubeIDE_1.18.0/STM32CubeIDE/plugins/com.st.stm32cube.ide.mcu.externaltools.gnu-tools-for-stm32.13.3.rel1.win32_1.0.0.202411081344/tools/bin/../lib/gcc/arm-none-eabi/13.3.1/../../../../arm-none-eabi/lib/thumb/v7e-m+dp/hard\libc_nano.a
LOAD C:/ST/STM32CubeIDE_1.18.0/STM32CubeIDE/plugins/com.st.stm32cube.ide.mcu.externaltools.gnu-tools-for-stm32.13.3.rel1.win32_1.0.0.202411081344/tools/bin/../lib/gcc/arm-none-eabi/13.3.1/../../../../arm-none-eabi/lib/thumb/v7e-m+dp/hard\libnosys.a
END GROUP
LOAD C:/ST/STM32CubeIDE_1.18.0/STM32CubeIDE/plugins/com.st.stm32cube.ide.mcu.externaltools.gnu-tools-for-stm32.13.3.rel1.win32_1.0.0.202411081344/tools/bin/../lib/gcc/arm-none-eabi/13.3.1/thumb/v7e-m+dp/hard/crtend.o
LOAD C:/ST/STM32CubeIDE_1.18.0/STM32CubeIDE/plugins/com.st.stm32cube.ide.mcu.externaltools.gnu-tools-for-stm32.13.3.rel1.win32_1.0.0.202411081344/tools/bin/../lib/gcc/arm-none-eabi/13.3.1/thumb/v7e-m+dp/hard/crtn.o
                0x20020000                        _estack = 0x20020000
                0x00000400                        _Min_Heap_Size = 0x400
                0x00002000                        _Min_Stack_Size = 0x2000

.isr_vector     0x08000000      0x298
                0x08000000                        . = ALIGN (0x4)
 *(.isr_vector)
 .isr_vector    0x08000000      0x298 ./Example/User/Startup/startup_stm32h747xihx.o
                0x08000000                g_pfnVectors
                0x08000298                        . = ALIGN (0x4)

.text           0x08000298    0x125bc
                0x08000298                        . = ALIGN (0x4)
 *(.text)
 .text          0x08000298       0x40 C:/ST/STM32CubeIDE_1.18.0/STM32CubeIDE/plugins/com.st.stm32cube.ide.mcu.externaltools.gnu-tools-for-stm32.13.3.rel1.win32_1.0.0.202411081344/tools/bin/../lib/gcc/arm-none-eabi/13.3.1/thumb/v7e-m+dp/hard/crtbegin.o
 *(.text*)
 .text.IS42S32800J_Init
                0x080002d8       0x7e ./Drivers/BSP/Components/is42s32800j.o
                0x080002d8                IS42S32800J_Init
 *fill*         0x08000356        0x2 
 .text.IS42S32800J_ClockEnable
                0x08000358       0x48 ./Drivers/BSP/Components/is42s32800j.o
                0x08000358                IS42S32800J_ClockEnable
 .text.IS42S32800J_Precharge
                0x080003a0       0x48 ./Drivers/BSP/Components/is42s32800j.o
                0x080003a0                IS42S32800J_Precharge
 .text.IS42S32800J_ModeRegConfig
                0x080003e8       0x68 ./Drivers/BSP/Components/is42s32800j.o
                0x080003e8                IS42S32800J_ModeRegConfig
 .text.IS42S32800J_RefreshMode
                0x08000450       0x4c ./Drivers/BSP/Components/is42s32800j.o
                0x08000450                IS42S32800J_RefreshMode
 .text.IS42S32800J_RefreshRate
                0x0800049c       0x28 ./Drivers/BSP/Components/is42s32800j.o
                0x0800049c                IS42S32800J_RefreshRate
 .text.IS42S32800J_Delay
                0x080004c4       0x2a ./Drivers/BSP/Components/is42s32800j.o
 *fill*         0x080004ee        0x2 
 .text.NT35510_RegisterBusIO
                0x080004f0       0x5c ./Drivers/BSP/Components/nt35510.o
                0x080004f0                NT35510_RegisterBusIO
 .text.NT35510_Init
                0x0800054c      0x4bc ./Drivers/BSP/Components/nt35510.o
                0x0800054c                NT35510_Init
 .text.NT35510_DeInit
                0x08000a08       0x18 ./Drivers/BSP/Components/nt35510.o
                0x08000a08                NT35510_DeInit
 .text.NT35510_ReadID
                0x08000a20       0x36 ./Drivers/BSP/Components/nt35510.o
                0x08000a20                NT35510_ReadID
 *fill*         0x08000a56        0x2 
 .text.NT35510_SetBrightness
                0x08000a58       0x5c ./Drivers/BSP/Components/nt35510.o
                0x08000a58                NT35510_SetBrightness
 .text.NT35510_GetBrightness
                0x08000ab4       0x24 ./Drivers/BSP/Components/nt35510.o
                0x08000ab4                NT35510_GetBrightness
 .text.NT35510_DisplayOn
                0x08000ad8       0x3a ./Drivers/BSP/Components/nt35510.o
                0x08000ad8                NT35510_DisplayOn
 .text.NT35510_DisplayOff
                0x08000b12       0x3a ./Drivers/BSP/Components/nt35510.o
                0x08000b12                NT35510_DisplayOff
 .text.NT35510_SetOrientation
                0x08000b4c       0xec ./Drivers/BSP/Components/nt35510.o
                0x08000b4c                NT35510_SetOrientation
 .text.NT35510_GetOrientation
                0x08000c38       0x24 ./Drivers/BSP/Components/nt35510.o
                0x08000c38                NT35510_GetOrientation
 .text.NT35510_GetXSize
                0x08000c5c       0x48 ./Drivers/BSP/Components/nt35510.o
                0x08000c5c                NT35510_GetXSize
 .text.NT35510_GetYSize
                0x08000ca4       0x48 ./Drivers/BSP/Components/nt35510.o
                0x08000ca4                NT35510_GetYSize
 .text.NT35510_SetCursor
                0x08000cec       0x1c ./Drivers/BSP/Components/nt35510.o
                0x08000cec                NT35510_SetCursor
 .text.NT35510_DrawBitmap
                0x08000d08       0x1e ./Drivers/BSP/Components/nt35510.o
                0x08000d08                NT35510_DrawBitmap
 .text.NT35510_FillRGBRect
                0x08000d26       0x1e ./Drivers/BSP/Components/nt35510.o
                0x08000d26                NT35510_FillRGBRect
 .text.NT35510_DrawHLine
                0x08000d44       0x1e ./Drivers/BSP/Components/nt35510.o
                0x08000d44                NT35510_DrawHLine
 .text.NT35510_DrawVLine
                0x08000d62       0x1e ./Drivers/BSP/Components/nt35510.o
                0x08000d62                NT35510_DrawVLine
 .text.NT35510_FillRect
                0x08000d80       0x1e ./Drivers/BSP/Components/nt35510.o
                0x08000d80                NT35510_FillRect
 .text.NT35510_GetPixel
                0x08000d9e       0x1e ./Drivers/BSP/Components/nt35510.o
                0x08000d9e                NT35510_GetPixel
 .text.NT35510_SetPixel
                0x08000dbc       0x1e ./Drivers/BSP/Components/nt35510.o
                0x08000dbc                NT35510_SetPixel
 .text.NT35510_ReadRegWrap
                0x08000dda       0x32 ./Drivers/BSP/Components/nt35510.o
 .text.NT35510_WriteRegWrap
                0x08000e0c       0x32 ./Drivers/BSP/Components/nt35510.o
 .text.NT35510_IO_Delay
                0x08000e3e       0x34 ./Drivers/BSP/Components/nt35510.o
 .text.nt35510_read_reg
                0x08000e72       0x2e ./Drivers/BSP/Components/nt35510_reg.o
                0x08000e72                nt35510_read_reg
 .text.nt35510_write_reg
                0x08000ea0       0x2e ./Drivers/BSP/Components/nt35510_reg.o
                0x08000ea0                nt35510_write_reg
 *fill*         0x08000ece        0x2 
 .text.OTM8009A_RegisterBusIO
                0x08000ed0       0x5c ./Drivers/BSP/Components/otm8009a.o
                0x08000ed0                OTM8009A_RegisterBusIO
 .text.OTM8009A_Init
                0x08000f2c      0xb94 ./Drivers/BSP/Components/otm8009a.o
                0x08000f2c                OTM8009A_Init
 .text.OTM8009A_DeInit
                0x08001ac0       0x18 ./Drivers/BSP/Components/otm8009a.o
                0x08001ac0                OTM8009A_DeInit
 .text.OTM8009A_ReadID
                0x08001ad8       0x36 ./Drivers/BSP/Components/otm8009a.o
                0x08001ad8                OTM8009A_ReadID
 *fill*         0x08001b0e        0x2 
 .text.OTM8009A_SetBrightness
                0x08001b10       0x5c ./Drivers/BSP/Components/otm8009a.o
                0x08001b10                OTM8009A_SetBrightness
 .text.OTM8009A_GetBrightness
                0x08001b6c       0x24 ./Drivers/BSP/Components/otm8009a.o
                0x08001b6c                OTM8009A_GetBrightness
 .text.OTM8009A_DisplayOn
                0x08001b90       0x3a ./Drivers/BSP/Components/otm8009a.o
                0x08001b90                OTM8009A_DisplayOn
 .text.OTM8009A_DisplayOff
                0x08001bca       0x3a ./Drivers/BSP/Components/otm8009a.o
                0x08001bca                OTM8009A_DisplayOff
 .text.OTM8009A_SetOrientation
                0x08001c04       0xe4 ./Drivers/BSP/Components/otm8009a.o
                0x08001c04                OTM8009A_SetOrientation
 .text.OTM8009A_GetOrientation
                0x08001ce8       0x24 ./Drivers/BSP/Components/otm8009a.o
                0x08001ce8                OTM8009A_GetOrientation
 .text.OTM8009A_GetXSize
                0x08001d0c       0x48 ./Drivers/BSP/Components/otm8009a.o
                0x08001d0c                OTM8009A_GetXSize
 .text.OTM8009A_GetYSize
                0x08001d54       0x48 ./Drivers/BSP/Components/otm8009a.o
                0x08001d54                OTM8009A_GetYSize
 .text.OTM8009A_SetCursor
                0x08001d9c       0x1c ./Drivers/BSP/Components/otm8009a.o
                0x08001d9c                OTM8009A_SetCursor
 .text.OTM8009A_DrawBitmap
                0x08001db8       0x1e ./Drivers/BSP/Components/otm8009a.o
                0x08001db8                OTM8009A_DrawBitmap
 .text.OTM8009A_FillRGBRect
                0x08001dd6       0x1e ./Drivers/BSP/Components/otm8009a.o
                0x08001dd6                OTM8009A_FillRGBRect
 .text.OTM8009A_DrawHLine
                0x08001df4       0x1e ./Drivers/BSP/Components/otm8009a.o
                0x08001df4                OTM8009A_DrawHLine
 .text.OTM8009A_DrawVLine
                0x08001e12       0x1e ./Drivers/BSP/Components/otm8009a.o
                0x08001e12                OTM8009A_DrawVLine
 .text.OTM8009A_FillRect
                0x08001e30       0x1e ./Drivers/BSP/Components/otm8009a.o
                0x08001e30                OTM8009A_FillRect
 .text.OTM8009A_GetPixel
                0x08001e4e       0x1e ./Drivers/BSP/Components/otm8009a.o
                0x08001e4e                OTM8009A_GetPixel
 .text.OTM8009A_SetPixel
                0x08001e6c       0x1e ./Drivers/BSP/Components/otm8009a.o
                0x08001e6c                OTM8009A_SetPixel
 .text.OTM8009A_ReadRegWrap
                0x08001e8a       0x32 ./Drivers/BSP/Components/otm8009a.o
 .text.OTM8009A_WriteRegWrap
                0x08001ebc       0x32 ./Drivers/BSP/Components/otm8009a.o
 .text.OTM8009A_IO_Delay
                0x08001eee       0x34 ./Drivers/BSP/Components/otm8009a.o
 .text.otm8009a_read_reg
                0x08001f22       0x2e ./Drivers/BSP/Components/otm8009a_reg.o
                0x08001f22                otm8009a_read_reg
 .text.otm8009a_write_reg
                0x08001f50       0x2e ./Drivers/BSP/Components/otm8009a_reg.o
                0x08001f50                otm8009a_write_reg
 *fill*         0x08001f7e        0x2 
 .text.BSP_LED_Init
                0x08001f80       0x88 ./Drivers/BSP/STM32H747I_DISCO/stm32h747i_discovery.o
                0x08001f80                BSP_LED_Init
 .text.BSP_LED_On
                0x08002008       0x3c ./Drivers/BSP/STM32H747I_DISCO/stm32h747i_discovery.o
                0x08002008                BSP_LED_On
 .text.BSP_GetTick
                0x08002044        0xe ./Drivers/BSP/STM32H747I_DISCO/stm32h747i_discovery_bus.o
                0x08002044                BSP_GetTick
 .text.BSP_LCD_Init
                0x08002052       0x28 ./Drivers/BSP/STM32H747I_DISCO/stm32h747i_discovery_lcd.o
                0x08002052                BSP_LCD_Init
 *fill*         0x0800207a        0x2 
 .text.BSP_LCD_InitEx
                0x0800207c      0x210 ./Drivers/BSP/STM32H747I_DISCO/stm32h747i_discovery_lcd.o
                0x0800207c                BSP_LCD_InitEx
 .text.BSP_LCD_Reset
                0x0800228c       0x74 ./Drivers/BSP/STM32H747I_DISCO/stm32h747i_discovery_lcd.o
                0x0800228c                BSP_LCD_Reset
 .text.LCD_InitSequence
                0x08002300       0xd0 ./Drivers/BSP/STM32H747I_DISCO/stm32h747i_discovery_lcd.o
 .text.MX_DSIHOST_DSI_Init
                0x080023d0      0x164 ./Drivers/BSP/STM32H747I_DISCO/stm32h747i_discovery_lcd.o
                0x080023d0                MX_DSIHOST_DSI_Init
 .text.MX_LTDC_Init
                0x08002534       0xe8 ./Drivers/BSP/STM32H747I_DISCO/stm32h747i_discovery_lcd.o
                0x08002534                MX_LTDC_Init
 .text.MX_LTDC_ConfigLayer
                0x0800261c       0x84 ./Drivers/BSP/STM32H747I_DISCO/stm32h747i_discovery_lcd.o
                0x0800261c                MX_LTDC_ConfigLayer
 .text.MX_LTDC_ClockConfig
                0x080026a0       0x4a ./Drivers/BSP/STM32H747I_DISCO/stm32h747i_discovery_lcd.o
                0x080026a0                MX_LTDC_ClockConfig
 *fill*         0x080026ea        0x2 
 .text.BSP_LCD_SetActiveLayer
                0x080026ec       0x44 ./Drivers/BSP/STM32H747I_DISCO/stm32h747i_discovery_lcd.o
                0x080026ec                BSP_LCD_SetActiveLayer
 .text.BSP_LCD_GetPixelFormat
                0x08002730       0x44 ./Drivers/BSP/STM32H747I_DISCO/stm32h747i_discovery_lcd.o
                0x08002730                BSP_LCD_GetPixelFormat
 .text.BSP_LCD_GetXSize
                0x08002774       0x50 ./Drivers/BSP/STM32H747I_DISCO/stm32h747i_discovery_lcd.o
                0x08002774                BSP_LCD_GetXSize
 .text.BSP_LCD_GetYSize
                0x080027c4       0x54 ./Drivers/BSP/STM32H747I_DISCO/stm32h747i_discovery_lcd.o
                0x080027c4                BSP_LCD_GetYSize
 .text.BSP_LCD_DrawBitmap
                0x08002818      0x1a4 ./Drivers/BSP/STM32H747I_DISCO/stm32h747i_discovery_lcd.o
                0x08002818                BSP_LCD_DrawBitmap
 .text.BSP_LCD_FillRGBRect
                0x080029bc       0x98 ./Drivers/BSP/STM32H747I_DISCO/stm32h747i_discovery_lcd.o
                0x080029bc                BSP_LCD_FillRGBRect
 .text.BSP_LCD_DrawHLine
                0x08002a54       0xb8 ./Drivers/BSP/STM32H747I_DISCO/stm32h747i_discovery_lcd.o
                0x08002a54                BSP_LCD_DrawHLine
 .text.BSP_LCD_DrawVLine
                0x08002b0c       0xcc ./Drivers/BSP/STM32H747I_DISCO/stm32h747i_discovery_lcd.o
                0x08002b0c                BSP_LCD_DrawVLine
 .text.BSP_LCD_FillRect
                0x08002bd8       0x9c ./Drivers/BSP/STM32H747I_DISCO/stm32h747i_discovery_lcd.o
                0x08002bd8                BSP_LCD_FillRect
 .text.BSP_LCD_ReadPixel
                0x08002c74       0xd8 ./Drivers/BSP/STM32H747I_DISCO/stm32h747i_discovery_lcd.o
                0x08002c74                BSP_LCD_ReadPixel
 .text.BSP_LCD_WritePixel
                0x08002d4c       0xd4 ./Drivers/BSP/STM32H747I_DISCO/stm32h747i_discovery_lcd.o
                0x08002d4c                BSP_LCD_WritePixel
 .text.LL_FillBuffer
                0x08002e20       0xe8 ./Drivers/BSP/STM32H747I_DISCO/stm32h747i_discovery_lcd.o
 .text.LL_ConvertLineToRGB
                0x08002f08       0xb0 ./Drivers/BSP/STM32H747I_DISCO/stm32h747i_discovery_lcd.o
 .text.LTDC_MspInit
                0x08002fb8       0x64 ./Drivers/BSP/STM32H747I_DISCO/stm32h747i_discovery_lcd.o
 .text.DMA2D_MspInit
                0x0800301c       0x5c ./Drivers/BSP/STM32H747I_DISCO/stm32h747i_discovery_lcd.o
 .text.DSI_MspInit
                0x08003078       0x60 ./Drivers/BSP/STM32H747I_DISCO/stm32h747i_discovery_lcd.o
 .text.DSI_IO_Write
                0x080030d8       0x78 ./Drivers/BSP/STM32H747I_DISCO/stm32h747i_discovery_lcd.o
 .text.DSI_IO_Read
                0x08003150       0x50 ./Drivers/BSP/STM32H747I_DISCO/stm32h747i_discovery_lcd.o
 .text.NT35510_Probe
                0x080031a0       0xb8 ./Drivers/BSP/STM32H747I_DISCO/stm32h747i_discovery_lcd.o
 .text.OTM8009A_Probe
                0x08003258       0xb8 ./Drivers/BSP/STM32H747I_DISCO/stm32h747i_discovery_lcd.o
 .text.BSP_SD_Init
                0x08003310       0xf8 ./Drivers/BSP/STM32H747I_DISCO/stm32h747i_discovery_sd.o
                0x08003310                BSP_SD_Init
 .text.MX_SDMMC1_SD_Init
                0x08003408       0x50 ./Drivers/BSP/STM32H747I_DISCO/stm32h747i_discovery_sd.o
                0x08003408                MX_SDMMC1_SD_Init
 .text.BSP_SD_IsDetected
                0x08003458       0x48 ./Drivers/BSP/STM32H747I_DISCO/stm32h747i_discovery_sd.o
                0x08003458                BSP_SD_IsDetected
 .text.BSP_SD_ReadBlocks
                0x080034a0       0x60 ./Drivers/BSP/STM32H747I_DISCO/stm32h747i_discovery_sd.o
                0x080034a0                BSP_SD_ReadBlocks
 .text.BSP_SD_WriteBlocks
                0x08003500       0x60 ./Drivers/BSP/STM32H747I_DISCO/stm32h747i_discovery_sd.o
                0x08003500                BSP_SD_WriteBlocks
 .text.BSP_SD_GetCardState
                0x08003560       0x34 ./Drivers/BSP/STM32H747I_DISCO/stm32h747i_discovery_sd.o
                0x08003560                BSP_SD_GetCardState
 .text.BSP_SD_GetCardInfo
                0x08003594       0x4c ./Drivers/BSP/STM32H747I_DISCO/stm32h747i_discovery_sd.o
                0x08003594                BSP_SD_GetCardInfo
 .text.SD_MspInit
                0x080035e0      0x130 ./Drivers/BSP/STM32H747I_DISCO/stm32h747i_discovery_sd.o
 .text.BSP_SDRAM_Init
                0x08003710       0x90 ./Drivers/BSP/STM32H747I_DISCO/stm32h747i_discovery_sdram.o
                0x08003710                BSP_SDRAM_Init
 .text.MX_SDRAM_Init
                0x080037a0       0x94 ./Drivers/BSP/STM32H747I_DISCO/stm32h747i_discovery_sdram.o
                0x080037a0                MX_SDRAM_Init
 .text.SDRAM_MspInit
                0x08003834      0x22c ./Drivers/BSP/STM32H747I_DISCO/stm32h747i_discovery_sdram.o
 .text.SystemInit
                0x08003a60       0xec ./Drivers/CMSIS/system_stm32h7xx.o
                0x08003a60                SystemInit
 .text.ExitRun0Mode
                0x08003b4c       0x30 ./Drivers/CMSIS/system_stm32h7xx.o
                0x08003b4c                ExitRun0Mode
 .text.HAL_Init
                0x08003b7c       0x78 ./Drivers/STM32H7xx_HAL_Driver/stm32h7xx_hal.o
                0x08003b7c                HAL_Init
 .text.HAL_MspInit
                0x08003bf4        0xe ./Drivers/STM32H7xx_HAL_Driver/stm32h7xx_hal.o
                0x08003bf4                HAL_MspInit
 *fill*         0x08003c02        0x2 
 .text.HAL_InitTick
                0x08003c04       0x6c ./Drivers/STM32H7xx_HAL_Driver/stm32h7xx_hal.o
                0x08003c04                HAL_InitTick
 .text.HAL_IncTick
                0x08003c70       0x28 ./Drivers/STM32H7xx_HAL_Driver/stm32h7xx_hal.o
                0x08003c70                HAL_IncTick
 .text.HAL_GetTick
                0x08003c98       0x18 ./Drivers/STM32H7xx_HAL_Driver/stm32h7xx_hal.o
                0x08003c98                HAL_GetTick
 .text.HAL_Delay
                0x08003cb0       0x48 ./Drivers/STM32H7xx_HAL_Driver/stm32h7xx_hal.o
                0x08003cb0                HAL_Delay
 .text.HAL_GetREVID
                0x08003cf8       0x18 ./Drivers/STM32H7xx_HAL_Driver/stm32h7xx_hal.o
                0x08003cf8                HAL_GetREVID
 .text.HAL_EnableCompensationCell
                0x08003d10       0x20 ./Drivers/STM32H7xx_HAL_Driver/stm32h7xx_hal.o
                0x08003d10                HAL_EnableCompensationCell
 .text.__NVIC_SetPriorityGrouping
                0x08003d30       0x48 ./Drivers/STM32H7xx_HAL_Driver/stm32h7xx_hal_cortex.o
 .text.__NVIC_GetPriorityGrouping
                0x08003d78       0x1c ./Drivers/STM32H7xx_HAL_Driver/stm32h7xx_hal_cortex.o
 .text.__NVIC_EnableIRQ
                0x08003d94       0x3c ./Drivers/STM32H7xx_HAL_Driver/stm32h7xx_hal_cortex.o
 .text.__NVIC_SetPriority
                0x08003dd0       0x54 ./Drivers/STM32H7xx_HAL_Driver/stm32h7xx_hal_cortex.o
 .text.NVIC_EncodePriority
                0x08003e24       0x66 ./Drivers/STM32H7xx_HAL_Driver/stm32h7xx_hal_cortex.o
 *fill*         0x08003e8a        0x2 
 .text.SysTick_Config
                0x08003e8c       0x44 ./Drivers/STM32H7xx_HAL_Driver/stm32h7xx_hal_cortex.o
 .text.HAL_NVIC_SetPriorityGrouping
                0x08003ed0       0x16 ./Drivers/STM32H7xx_HAL_Driver/stm32h7xx_hal_cortex.o
                0x08003ed0                HAL_NVIC_SetPriorityGrouping
 .text.HAL_NVIC_SetPriority
                0x08003ee6       0x34 ./Drivers/STM32H7xx_HAL_Driver/stm32h7xx_hal_cortex.o
                0x08003ee6                HAL_NVIC_SetPriority
 .text.HAL_NVIC_EnableIRQ
                0x08003f1a       0x1c ./Drivers/STM32H7xx_HAL_Driver/stm32h7xx_hal_cortex.o
                0x08003f1a                HAL_NVIC_EnableIRQ
 .text.HAL_SYSTICK_Config
                0x08003f36       0x18 ./Drivers/STM32H7xx_HAL_Driver/stm32h7xx_hal_cortex.o
                0x08003f36                HAL_SYSTICK_Config
 *fill*         0x08003f4e        0x2 
 .text.HAL_MPU_Disable
                0x08003f50       0x30 ./Drivers/STM32H7xx_HAL_Driver/stm32h7xx_hal_cortex.o
                0x08003f50                HAL_MPU_Disable
 .text.HAL_MPU_Enable
                0x08003f80       0x40 ./Drivers/STM32H7xx_HAL_Driver/stm32h7xx_hal_cortex.o
                0x08003f80                HAL_MPU_Enable
 .text.HAL_MPU_ConfigRegion
                0x08003fc0       0x80 ./Drivers/STM32H7xx_HAL_Driver/stm32h7xx_hal_cortex.o
                0x08003fc0                HAL_MPU_ConfigRegion
 .text.HAL_DMA2D_Init
                0x08004040       0xc8 ./Drivers/STM32H7xx_HAL_Driver/stm32h7xx_hal_dma2d.o
                0x08004040                HAL_DMA2D_Init
 .text.HAL_DMA2D_MspInit
                0x08004108       0x14 ./Drivers/STM32H7xx_HAL_Driver/stm32h7xx_hal_dma2d.o
                0x08004108                HAL_DMA2D_MspInit
 .text.HAL_DMA2D_Start
                0x0800411c       0x56 ./Drivers/STM32H7xx_HAL_Driver/stm32h7xx_hal_dma2d.o
                0x0800411c                HAL_DMA2D_Start
 .text.HAL_DMA2D_PollForTransfer
                0x08004172      0x1d2 ./Drivers/STM32H7xx_HAL_Driver/stm32h7xx_hal_dma2d.o
                0x08004172                HAL_DMA2D_PollForTransfer
 .text.HAL_DMA2D_ConfigLayer
                0x08004344      0x15c ./Drivers/STM32H7xx_HAL_Driver/stm32h7xx_hal_dma2d.o
                0x08004344                HAL_DMA2D_ConfigLayer
 .text.DMA2D_SetConfig
                0x080044a0      0x14c ./Drivers/STM32H7xx_HAL_Driver/stm32h7xx_hal_dma2d.o
 .text.DSI_ConfigPacketHeader
                0x080045ec       0x32 ./Drivers/STM32H7xx_HAL_Driver/stm32h7xx_hal_dsi.o
 .text.DSI_ShortWrite
                0x0800461e       0x5e ./Drivers/STM32H7xx_HAL_Driver/stm32h7xx_hal_dsi.o
 .text.HAL_DSI_Init
                0x0800467c      0x300 ./Drivers/STM32H7xx_HAL_Driver/stm32h7xx_hal_dsi.o
                0x0800467c                HAL_DSI_Init
 .text.HAL_DSI_MspInit
                0x0800497c       0x14 ./Drivers/STM32H7xx_HAL_Driver/stm32h7xx_hal_dsi.o
                0x0800497c                HAL_DSI_MspInit
 .text.HAL_DSI_ConfigVideoMode
                0x08004990      0x400 ./Drivers/STM32H7xx_HAL_Driver/stm32h7xx_hal_dsi.o
                0x08004990                HAL_DSI_ConfigVideoMode
 .text.HAL_DSI_ConfigFlowControl
                0x08004d90       0x50 ./Drivers/STM32H7xx_HAL_Driver/stm32h7xx_hal_dsi.o
                0x08004d90                HAL_DSI_ConfigFlowControl
 .text.HAL_DSI_Start
                0x08004de0       0x78 ./Drivers/STM32H7xx_HAL_Driver/stm32h7xx_hal_dsi.o
                0x08004de0                HAL_DSI_Start
 .text.HAL_DSI_ShortWrite
                0x08004e58       0x44 ./Drivers/STM32H7xx_HAL_Driver/stm32h7xx_hal_dsi.o
                0x08004e58                HAL_DSI_ShortWrite
 .text.HAL_DSI_LongWrite
                0x08004e9c      0x130 ./Drivers/STM32H7xx_HAL_Driver/stm32h7xx_hal_dsi.o
                0x08004e9c                HAL_DSI_LongWrite
 .text.HAL_DSI_Read
                0x08004fcc      0x188 ./Drivers/STM32H7xx_HAL_Driver/stm32h7xx_hal_dsi.o
                0x08004fcc                HAL_DSI_Read
 .text.HAL_GPIO_Init
                0x08005154      0x374 ./Drivers/STM32H7xx_HAL_Driver/stm32h7xx_hal_gpio.o
                0x08005154                HAL_GPIO_Init
 .text.HAL_GPIO_ReadPin
                0x080054c8       0x30 ./Drivers/STM32H7xx_HAL_Driver/stm32h7xx_hal_gpio.o
                0x080054c8                HAL_GPIO_ReadPin
 .text.HAL_GPIO_WritePin
                0x080054f8       0x32 ./Drivers/STM32H7xx_HAL_Driver/stm32h7xx_hal_gpio.o
                0x080054f8                HAL_GPIO_WritePin
 *fill*         0x0800552a        0x2 
 .text.HAL_JPEG_Init
                0x0800552c      0x104 ./Drivers/STM32H7xx_HAL_Driver/stm32h7xx_hal_jpeg.o
                0x0800552c                HAL_JPEG_Init
 .text.HAL_JPEG_GetInfo
                0x08005630      0x12a ./Drivers/STM32H7xx_HAL_Driver/stm32h7xx_hal_jpeg.o
                0x08005630                HAL_JPEG_GetInfo
 .text.HAL_JPEG_Decode_DMA
                0x0800575a       0xc6 ./Drivers/STM32H7xx_HAL_Driver/stm32h7xx_hal_jpeg.o
                0x0800575a                HAL_JPEG_Decode_DMA
 .text.HAL_JPEG_Pause
                0x08005820       0xb0 ./Drivers/STM32H7xx_HAL_Driver/stm32h7xx_hal_jpeg.o
                0x08005820                HAL_JPEG_Pause
 .text.HAL_JPEG_Resume
                0x080058d0      0x1d6 ./Drivers/STM32H7xx_HAL_Driver/stm32h7xx_hal_jpeg.o
                0x080058d0                HAL_JPEG_Resume
 .text.HAL_JPEG_ConfigInputBuffer
                0x08005aa6       0x24 ./Drivers/STM32H7xx_HAL_Driver/stm32h7xx_hal_jpeg.o
                0x08005aa6                HAL_JPEG_ConfigInputBuffer
 .text.HAL_JPEG_ConfigOutputBuffer
                0x08005aca       0x24 ./Drivers/STM32H7xx_HAL_Driver/stm32h7xx_hal_jpeg.o
                0x08005aca                HAL_JPEG_ConfigOutputBuffer
 .text.HAL_JPEG_EncodeCpltCallback
                0x08005aee       0x14 ./Drivers/STM32H7xx_HAL_Driver/stm32h7xx_hal_jpeg.o
                0x08005aee                HAL_JPEG_EncodeCpltCallback
 .text.HAL_JPEG_IRQHandler
                0x08005b02       0x4c ./Drivers/STM32H7xx_HAL_Driver/stm32h7xx_hal_jpeg.o
                0x08005b02                HAL_JPEG_IRQHandler
 .text.JPEG_Bits_To_SizeCodes
                0x08005b4e       0xea ./Drivers/STM32H7xx_HAL_Driver/stm32h7xx_hal_jpeg.o
 .text.JPEG_ACHuff_BitsVals_To_SizeCodes
                0x08005c38      0x140 ./Drivers/STM32H7xx_HAL_Driver/stm32h7xx_hal_jpeg.o
 .text.JPEG_DCHuff_BitsVals_To_SizeCodes
                0x08005d78       0xe6 ./Drivers/STM32H7xx_HAL_Driver/stm32h7xx_hal_jpeg.o
 .text.JPEG_Set_HuffDC_Mem
                0x08005e5e      0x104 ./Drivers/STM32H7xx_HAL_Driver/stm32h7xx_hal_jpeg.o
 *fill*         0x08005f62        0x2 
 .text.JPEG_Set_HuffAC_Mem
                0x08005f64      0x208 ./Drivers/STM32H7xx_HAL_Driver/stm32h7xx_hal_jpeg.o
 .text.JPEG_Set_HuffEnc_Mem
                0x0800616c       0xa8 ./Drivers/STM32H7xx_HAL_Driver/stm32h7xx_hal_jpeg.o
 .text.JPEG_Set_Huff_DHTMem
                0x08006214      0x45c ./Drivers/STM32H7xx_HAL_Driver/stm32h7xx_hal_jpeg.o
 .text.JPEG_Init_Process
                0x08006670       0xe8 ./Drivers/STM32H7xx_HAL_Driver/stm32h7xx_hal_jpeg.o
 .text.JPEG_Process
                0x08006758      0x184 ./Drivers/STM32H7xx_HAL_Driver/stm32h7xx_hal_jpeg.o
 .text.JPEG_StoreOutputData
                0x080068dc      0x20e ./Drivers/STM32H7xx_HAL_Driver/stm32h7xx_hal_jpeg.o
 .text.JPEG_ReadInputData
                0x08006aea      0x1cc ./Drivers/STM32H7xx_HAL_Driver/stm32h7xx_hal_jpeg.o
 *fill*         0x08006cb6        0x2 
 .text.JPEG_DMA_StartProcess
                0x08006cb8      0x134 ./Drivers/STM32H7xx_HAL_Driver/stm32h7xx_hal_jpeg.o
 .text.JPEG_DMA_ContinueProcess
                0x08006dec       0xea ./Drivers/STM32H7xx_HAL_Driver/stm32h7xx_hal_jpeg.o
 .text.JPEG_DMA_EndProcess
                0x08006ed6       0xd2 ./Drivers/STM32H7xx_HAL_Driver/stm32h7xx_hal_jpeg.o
 .text.JPEG_DMA_PollResidualData
                0x08006fa8      0x142 ./Drivers/STM32H7xx_HAL_Driver/stm32h7xx_hal_jpeg.o
 .text.JPEG_MDMAInCpltCallback
                0x080070ea      0x12c ./Drivers/STM32H7xx_HAL_Driver/stm32h7xx_hal_jpeg.o
 .text.JPEG_MDMAOutCpltCallback
                0x08007216       0xc2 ./Drivers/STM32H7xx_HAL_Driver/stm32h7xx_hal_jpeg.o
 .text.JPEG_MDMAErrorCallback
                0x080072d8       0x50 ./Drivers/STM32H7xx_HAL_Driver/stm32h7xx_hal_jpeg.o
 .text.JPEG_MDMAOutAbortCallback
                0x08007328       0x28 ./Drivers/STM32H7xx_HAL_Driver/stm32h7xx_hal_jpeg.o
 .text.JPEG_GetQuality
                0x08007350       0xbc ./Drivers/STM32H7xx_HAL_Driver/stm32h7xx_hal_jpeg.o
 .text.HAL_LTDC_Init
                0x0800740c      0x13a ./Drivers/STM32H7xx_HAL_Driver/stm32h7xx_hal_ltdc.o
                0x0800740c                HAL_LTDC_Init
 .text.HAL_LTDC_MspInit
                0x08007546       0x14 ./Drivers/STM32H7xx_HAL_Driver/stm32h7xx_hal_ltdc.o
                0x08007546                HAL_LTDC_MspInit
 .text.HAL_LTDC_ConfigLayer
                0x0800755a       0x7c ./Drivers/STM32H7xx_HAL_Driver/stm32h7xx_hal_ltdc.o
                0x0800755a                HAL_LTDC_ConfigLayer
 *fill*         0x080075d6        0x2 
 .text.LTDC_SetConfig
                0x080075d8      0x2ec ./Drivers/STM32H7xx_HAL_Driver/stm32h7xx_hal_ltdc.o
 .text.HAL_MDMA_Init
                0x080078c4       0x98 ./Drivers/STM32H7xx_HAL_Driver/stm32h7xx_hal_mdma.o
                0x080078c4                HAL_MDMA_Init
 .text.HAL_MDMA_DeInit
                0x0800795c       0xb0 ./Drivers/STM32H7xx_HAL_Driver/stm32h7xx_hal_mdma.o
                0x0800795c                HAL_MDMA_DeInit
 .text.HAL_MDMA_Start_IT
                0x08007a0c      0x102 ./Drivers/STM32H7xx_HAL_Driver/stm32h7xx_hal_mdma.o
                0x08007a0c                HAL_MDMA_Start_IT
 .text.HAL_MDMA_Abort_IT
                0x08007b0e       0x4e ./Drivers/STM32H7xx_HAL_Driver/stm32h7xx_hal_mdma.o
                0x08007b0e                HAL_MDMA_Abort_IT
 .text.HAL_MDMA_IRQHandler
                0x08007b5c      0x2a8 ./Drivers/STM32H7xx_HAL_Driver/stm32h7xx_hal_mdma.o
                0x08007b5c                HAL_MDMA_IRQHandler
 .text.MDMA_SetConfig
                0x08007e04       0xe0 ./Drivers/STM32H7xx_HAL_Driver/stm32h7xx_hal_mdma.o
 .text.MDMA_Init
                0x08007ee4      0x130 ./Drivers/STM32H7xx_HAL_Driver/stm32h7xx_hal_mdma.o
 .text.HAL_RCC_OscConfig
                0x08008014      0x8b4 ./Drivers/STM32H7xx_HAL_Driver/stm32h7xx_hal_rcc.o
                0x08008014                HAL_RCC_OscConfig
 .text.HAL_RCC_ClockConfig
                0x080088c8      0x36c ./Drivers/STM32H7xx_HAL_Driver/stm32h7xx_hal_rcc.o
                0x080088c8                HAL_RCC_ClockConfig
 .text.HAL_RCC_GetSysClockFreq
                0x08008c34      0x2f4 ./Drivers/STM32H7xx_HAL_Driver/stm32h7xx_hal_rcc.o
                0x08008c34                HAL_RCC_GetSysClockFreq
 .text.HAL_RCC_GetHCLKFreq
                0x08008f28       0x60 ./Drivers/STM32H7xx_HAL_Driver/stm32h7xx_hal_rcc.o
                0x08008f28                HAL_RCC_GetHCLKFreq
 .text.HAL_RCC_GetPCLK1Freq
                0x08008f88       0x2c ./Drivers/STM32H7xx_HAL_Driver/stm32h7xx_hal_rcc.o
                0x08008f88                HAL_RCC_GetPCLK1Freq
 .text.HAL_RCCEx_PeriphCLKConfig
                0x08008fb4     0x1494 ./Drivers/STM32H7xx_HAL_Driver/stm32h7xx_hal_rcc_ex.o
                0x08008fb4                HAL_RCCEx_PeriphCLKConfig
 .text.HAL_RCCEx_GetPeriphCLKFreq
                0x0800a448      0xb00 ./Drivers/STM32H7xx_HAL_Driver/stm32h7xx_hal_rcc_ex.o
                0x0800a448                HAL_RCCEx_GetPeriphCLKFreq
 .text.HAL_RCCEx_GetD3PCLK1Freq
                0x0800af48       0x2c ./Drivers/STM32H7xx_HAL_Driver/stm32h7xx_hal_rcc_ex.o
                0x0800af48                HAL_RCCEx_GetD3PCLK1Freq
 .text.HAL_RCCEx_GetPLL2ClockFreq
                0x0800af74      0x2a8 ./Drivers/STM32H7xx_HAL_Driver/stm32h7xx_hal_rcc_ex.o
                0x0800af74                HAL_RCCEx_GetPLL2ClockFreq
 .text.HAL_RCCEx_GetPLL3ClockFreq
                0x0800b21c      0x2a8 ./Drivers/STM32H7xx_HAL_Driver/stm32h7xx_hal_rcc_ex.o
                0x0800b21c                HAL_RCCEx_GetPLL3ClockFreq
 .text.HAL_RCCEx_GetPLL1ClockFreq
                0x0800b4c4      0x2a4 ./Drivers/STM32H7xx_HAL_Driver/stm32h7xx_hal_rcc_ex.o
                0x0800b4c4                HAL_RCCEx_GetPLL1ClockFreq
 .text.RCCEx_PLL2_Config
                0x0800b768      0x164 ./Drivers/STM32H7xx_HAL_Driver/stm32h7xx_hal_rcc_ex.o
 .text.RCCEx_PLL3_Config
                0x0800b8cc      0x164 ./Drivers/STM32H7xx_HAL_Driver/stm32h7xx_hal_rcc_ex.o
 .text.HAL_SD_Init
                0x0800ba30      0x106 ./Drivers/STM32H7xx_HAL_Driver/stm32h7xx_hal_sd.o
                0x0800ba30                HAL_SD_Init
 *fill*         0x0800bb36        0x2 
 .text.HAL_SD_InitCard
                0x0800bb38      0x148 ./Drivers/STM32H7xx_HAL_Driver/stm32h7xx_hal_sd.o
                0x0800bb38                HAL_SD_InitCard
 .text.HAL_SD_MspInit
                0x0800bc80       0x14 ./Drivers/STM32H7xx_HAL_Driver/stm32h7xx_hal_sd.o
                0x0800bc80                HAL_SD_MspInit
 .text.HAL_SD_ReadBlocks
                0x0800bc94      0x314 ./Drivers/STM32H7xx_HAL_Driver/stm32h7xx_hal_sd.o
                0x0800bc94                HAL_SD_ReadBlocks
 .text.HAL_SD_WriteBlocks
                0x0800bfa8      0x31c ./Drivers/STM32H7xx_HAL_Driver/stm32h7xx_hal_sd.o
                0x0800bfa8                HAL_SD_WriteBlocks
 .text.HAL_SD_GetCardCSD
                0x0800c2c4      0x348 ./Drivers/STM32H7xx_HAL_Driver/stm32h7xx_hal_sd.o
                0x0800c2c4                HAL_SD_GetCardCSD
 .text.HAL_SD_GetCardStatus
                0x0800c60c      0x17c ./Drivers/STM32H7xx_HAL_Driver/stm32h7xx_hal_sd.o
                0x0800c60c                HAL_SD_GetCardStatus
 .text.HAL_SD_GetCardInfo
                0x0800c788       0x58 ./Drivers/STM32H7xx_HAL_Driver/stm32h7xx_hal_sd.o
                0x0800c788                HAL_SD_GetCardInfo
 .text.HAL_SD_ConfigWideBusOperation
                0x0800c7e0      0x224 ./Drivers/STM32H7xx_HAL_Driver/stm32h7xx_hal_sd.o
                0x0800c7e0                HAL_SD_ConfigWideBusOperation
 .text.HAL_SD_ConfigSpeedBusOperation
                0x0800ca04      0x178 ./Drivers/STM32H7xx_HAL_Driver/stm32h7xx_hal_sd.o
                0x0800ca04                HAL_SD_ConfigSpeedBusOperation
 .text.HAL_SD_GetCardState
                0x0800cb7c       0x40 ./Drivers/STM32H7xx_HAL_Driver/stm32h7xx_hal_sd.o
                0x0800cb7c                HAL_SD_GetCardState
 .text.SD_InitCard
                0x0800cbbc      0x19c ./Drivers/STM32H7xx_HAL_Driver/stm32h7xx_hal_sd.o
 .text.SD_PowerON
                0x0800cd58      0x11c ./Drivers/STM32H7xx_HAL_Driver/stm32h7xx_hal_sd.o
 .text.SD_SendSDStatus
                0x0800ce74      0x1a0 ./Drivers/STM32H7xx_HAL_Driver/stm32h7xx_hal_sd.o
 .text.SD_SendStatus
                0x0800d014       0x50 ./Drivers/STM32H7xx_HAL_Driver/stm32h7xx_hal_sd.o
 .text.SD_WideBus_Enable
                0x0800d064       0x96 ./Drivers/STM32H7xx_HAL_Driver/stm32h7xx_hal_sd.o
 .text.SD_WideBus_Disable
                0x0800d0fa       0x96 ./Drivers/STM32H7xx_HAL_Driver/stm32h7xx_hal_sd.o
 .text.SD_FindSCR
                0x0800d190      0x1a0 ./Drivers/STM32H7xx_HAL_Driver/stm32h7xx_hal_sd.o
 .text.SD_SwitchSpeed
                0x0800d330      0x19c ./Drivers/STM32H7xx_HAL_Driver/stm32h7xx_hal_sd.o
 .text.HAL_SDRAM_Init
                0x0800d4cc       0x78 ./Drivers/STM32H7xx_HAL_Driver/stm32h7xx_hal_sdram.o
                0x0800d4cc                HAL_SDRAM_Init
 .text.HAL_SDRAM_MspInit
                0x0800d544       0x14 ./Drivers/STM32H7xx_HAL_Driver/stm32h7xx_hal_sdram.o
                0x0800d544                HAL_SDRAM_MspInit
 .text.HAL_SDRAM_SendCommand
                0x0800d558       0x6a ./Drivers/STM32H7xx_HAL_Driver/stm32h7xx_hal_sdram.o
                0x0800d558                HAL_SDRAM_SendCommand
 .text.HAL_SDRAM_ProgramRefreshRate
                0x0800d5c2       0x50 ./Drivers/STM32H7xx_HAL_Driver/stm32h7xx_hal_sdram.o
                0x0800d5c2                HAL_SDRAM_ProgramRefreshRate
 *fill*         0x0800d612        0x2 
 .text.FMC_SDRAM_Init
                0x0800d614       0xb8 ./Drivers/STM32H7xx_HAL_Driver/stm32h7xx_ll_fmc.o
                0x0800d614                FMC_SDRAM_Init
 .text.FMC_SDRAM_Timing_Init
                0x0800d6cc       0xd4 ./Drivers/STM32H7xx_HAL_Driver/stm32h7xx_ll_fmc.o
                0x0800d6cc                FMC_SDRAM_Timing_Init
 .text.FMC_SDRAM_SendCommand
                0x0800d7a0       0x48 ./Drivers/STM32H7xx_HAL_Driver/stm32h7xx_ll_fmc.o
                0x0800d7a0                FMC_SDRAM_SendCommand
 .text.FMC_SDRAM_ProgramRefreshRate
                0x0800d7e8       0x30 ./Drivers/STM32H7xx_HAL_Driver/stm32h7xx_ll_fmc.o
                0x0800d7e8                FMC_SDRAM_ProgramRefreshRate
 .text.SDMMC_Init
                0x0800d818       0x54 ./Drivers/STM32H7xx_HAL_Driver/stm32h7xx_ll_sdmmc.o
                0x0800d818                SDMMC_Init
 .text.SDMMC_ReadFIFO
                0x0800d86c       0x1a ./Drivers/STM32H7xx_HAL_Driver/stm32h7xx_ll_sdmmc.o
                0x0800d86c                SDMMC_ReadFIFO
 .text.SDMMC_WriteFIFO
                0x0800d886       0x22 ./Drivers/STM32H7xx_HAL_Driver/stm32h7xx_ll_sdmmc.o
                0x0800d886                SDMMC_WriteFIFO
 .text.SDMMC_PowerState_ON
                0x0800d8a8       0x22 ./Drivers/STM32H7xx_HAL_Driver/stm32h7xx_ll_sdmmc.o
                0x0800d8a8                SDMMC_PowerState_ON
 .text.SDMMC_GetPowerState
                0x0800d8ca       0x1c ./Drivers/STM32H7xx_HAL_Driver/stm32h7xx_ll_sdmmc.o
                0x0800d8ca                SDMMC_GetPowerState
 *fill*         0x0800d8e6        0x2 
 .text.SDMMC_SendCommand
                0x0800d8e8       0x54 ./Drivers/STM32H7xx_HAL_Driver/stm32h7xx_ll_sdmmc.o
                0x0800d8e8                SDMMC_SendCommand
 .text.SDMMC_GetCommandResponse
                0x0800d93c       0x1a ./Drivers/STM32H7xx_HAL_Driver/stm32h7xx_ll_sdmmc.o
                0x0800d93c                SDMMC_GetCommandResponse
 .text.SDMMC_GetResponse
                0x0800d956       0x26 ./Drivers/STM32H7xx_HAL_Driver/stm32h7xx_ll_sdmmc.o
                0x0800d956                SDMMC_GetResponse
 .text.SDMMC_ConfigData
                0x0800d97c       0x58 ./Drivers/STM32H7xx_HAL_Driver/stm32h7xx_ll_sdmmc.o
                0x0800d97c                SDMMC_ConfigData
 .text.SDMMC_CmdBlockLength
                0x0800d9d4       0x46 ./Drivers/STM32H7xx_HAL_Driver/stm32h7xx_ll_sdmmc.o
                0x0800d9d4                SDMMC_CmdBlockLength
 .text.SDMMC_CmdReadSingleBlock
                0x0800da1a       0x46 ./Drivers/STM32H7xx_HAL_Driver/stm32h7xx_ll_sdmmc.o
                0x0800da1a                SDMMC_CmdReadSingleBlock
 .text.SDMMC_CmdReadMultiBlock
                0x0800da60       0x46 ./Drivers/STM32H7xx_HAL_Driver/stm32h7xx_ll_sdmmc.o
                0x0800da60                SDMMC_CmdReadMultiBlock
 .text.SDMMC_CmdWriteSingleBlock
                0x0800daa6       0x46 ./Drivers/STM32H7xx_HAL_Driver/stm32h7xx_ll_sdmmc.o
                0x0800daa6                SDMMC_CmdWriteSingleBlock
 .text.SDMMC_CmdWriteMultiBlock
                0x0800daec       0x46 ./Drivers/STM32H7xx_HAL_Driver/stm32h7xx_ll_sdmmc.o
                0x0800daec                SDMMC_CmdWriteMultiBlock
 *fill*         0x0800db32        0x2 
 .text.SDMMC_CmdStopTransfer
                0x0800db34       0x78 ./Drivers/STM32H7xx_HAL_Driver/stm32h7xx_ll_sdmmc.o
                0x0800db34                SDMMC_CmdStopTransfer
 .text.SDMMC_CmdSelDesel
                0x0800dbac       0x46 ./Drivers/STM32H7xx_HAL_Driver/stm32h7xx_ll_sdmmc.o
                0x0800dbac                SDMMC_CmdSelDesel
 .text.SDMMC_CmdGoIdleState
                0x0800dbf2       0x3c ./Drivers/STM32H7xx_HAL_Driver/stm32h7xx_ll_sdmmc.o
                0x0800dbf2                SDMMC_CmdGoIdleState
 .text.SDMMC_CmdOperCond
                0x0800dc2e       0x40 ./Drivers/STM32H7xx_HAL_Driver/stm32h7xx_ll_sdmmc.o
                0x0800dc2e                SDMMC_CmdOperCond
 .text.SDMMC_CmdAppCommand
                0x0800dc6e       0x46 ./Drivers/STM32H7xx_HAL_Driver/stm32h7xx_ll_sdmmc.o
                0x0800dc6e                SDMMC_CmdAppCommand
 .text.SDMMC_CmdAppOperCommand
                0x0800dcb4       0x40 ./Drivers/STM32H7xx_HAL_Driver/stm32h7xx_ll_sdmmc.o
                0x0800dcb4                SDMMC_CmdAppOperCommand
 .text.SDMMC_CmdBusWidth
                0x0800dcf4       0x46 ./Drivers/STM32H7xx_HAL_Driver/stm32h7xx_ll_sdmmc.o
                0x0800dcf4                SDMMC_CmdBusWidth
 .text.SDMMC_CmdSendSCR
                0x0800dd3a       0x44 ./Drivers/STM32H7xx_HAL_Driver/stm32h7xx_ll_sdmmc.o
                0x0800dd3a                SDMMC_CmdSendSCR
 .text.SDMMC_CmdSendCID
                0x0800dd7e       0x3e ./Drivers/STM32H7xx_HAL_Driver/stm32h7xx_ll_sdmmc.o
                0x0800dd7e                SDMMC_CmdSendCID
 .text.SDMMC_CmdSendCSD
                0x0800ddbc       0x40 ./Drivers/STM32H7xx_HAL_Driver/stm32h7xx_ll_sdmmc.o
                0x0800ddbc                SDMMC_CmdSendCSD
 .text.SDMMC_CmdSetRelAdd
                0x0800ddfc       0x44 ./Drivers/STM32H7xx_HAL_Driver/stm32h7xx_ll_sdmmc.o
                0x0800ddfc                SDMMC_CmdSetRelAdd
 .text.SDMMC_CmdSendStatus
                0x0800de40       0x46 ./Drivers/STM32H7xx_HAL_Driver/stm32h7xx_ll_sdmmc.o
                0x0800de40                SDMMC_CmdSendStatus
 .text.SDMMC_CmdStatusRegister
                0x0800de86       0x44 ./Drivers/STM32H7xx_HAL_Driver/stm32h7xx_ll_sdmmc.o
                0x0800de86                SDMMC_CmdStatusRegister
 .text.SDMMC_CmdSwitch
                0x0800deca       0x46 ./Drivers/STM32H7xx_HAL_Driver/stm32h7xx_ll_sdmmc.o
                0x0800deca                SDMMC_CmdSwitch
 .text.SDMMC_GetCmdResp1
                0x0800df10      0x1e4 ./Drivers/STM32H7xx_HAL_Driver/stm32h7xx_ll_sdmmc.o
                0x0800df10                SDMMC_GetCmdResp1
 .text.SDMMC_GetCmdResp2
                0x0800e0f4       0x94 ./Drivers/STM32H7xx_HAL_Driver/stm32h7xx_ll_sdmmc.o
                0x0800e0f4                SDMMC_GetCmdResp2
 .text.SDMMC_GetCmdResp3
                0x0800e188       0x80 ./Drivers/STM32H7xx_HAL_Driver/stm32h7xx_ll_sdmmc.o
                0x0800e188                SDMMC_GetCmdResp3
 .text.SDMMC_GetCmdResp6
                0x0800e208       0xf0 ./Drivers/STM32H7xx_HAL_Driver/stm32h7xx_ll_sdmmc.o
                0x0800e208                SDMMC_GetCmdResp6
 .text.SDMMC_GetCmdResp7
                0x0800e2f8       0x9c ./Drivers/STM32H7xx_HAL_Driver/stm32h7xx_ll_sdmmc.o
                0x0800e2f8                SDMMC_GetCmdResp7
 .text.SDMMC_GetCmdError
                0x0800e394       0x5c ./Drivers/STM32H7xx_HAL_Driver/stm32h7xx_ll_sdmmc.o
 .text.JPEG_Decode_DMA
                0x0800e3f0       0xa8 ./Example/User/CM7/decode_dma.o
                0x0800e3f0                JPEG_Decode_DMA
 .text.JPEG_InputHandler
                0x0800e498      0x10c ./Example/User/CM7/decode_dma.o
                0x0800e498                JPEG_InputHandler
 .text.HAL_JPEG_InfoReadyCallback
                0x0800e5a4       0x16 ./Example/User/CM7/decode_dma.o
                0x0800e5a4                HAL_JPEG_InfoReadyCallback
 *fill*         0x0800e5ba        0x2 
 .text.HAL_JPEG_GetDataCallback
                0x0800e5bc      0x10c ./Example/User/CM7/decode_dma.o
                0x0800e5bc                HAL_JPEG_GetDataCallback
 .text.HAL_JPEG_DataReadyCallback
                0x0800e6c8       0x34 ./Example/User/CM7/decode_dma.o
                0x0800e6c8                HAL_JPEG_DataReadyCallback
 .text.HAL_JPEG_ErrorCallback
                0x0800e6fc       0x14 ./Example/User/CM7/decode_dma.o
                0x0800e6fc                HAL_JPEG_ErrorCallback
 .text.HAL_JPEG_DecodeCpltCallback
                0x0800e710       0x20 ./Example/User/CM7/decode_dma.o
                0x0800e710                HAL_JPEG_DecodeCpltCallback
 .text.main     0x0800e730      0x188 ./Example/User/CM7/main.o
                0x0800e730                main
 .text.SystemClock_Config
                0x0800e8b8      0x128 ./Example/User/CM7/main.o
 .text.MPU_Config
                0x0800e9e0       0x82 ./Example/User/CM7/main.o
 *fill*         0x0800ea62        0x2 
 .text.CPU_CACHE_Enable
                0x0800ea64       0xdc ./Example/User/CM7/main.o
 .text.LCD_BriefDisplay
                0x0800eb40       0xa8 ./Example/User/CM7/main.o
 .text.LCD_FileErrorDisplay
                0x0800ebe8       0x48 ./Example/User/CM7/main.o
 .text.DMA2D_CopyBuffer
                0x0800ec30      0x134 ./Example/User/CM7/main.o
 .text.SD_Initialize
                0x0800ed64        0xe ./Example/User/CM7/main.o
 .text.Error_Handler
                0x0800ed72        0xe ./Example/User/CM7/main.o
                0x0800ed72                Error_Handler
 .text.SD_CheckStatus
                0x0800ed80       0x40 ./Example/User/CM7/sd_diskio.o
 .text.SD_initialize
                0x0800edc0       0x1c ./Example/User/CM7/sd_diskio.o
                0x0800edc0                SD_initialize
 .text.SD_status
                0x0800eddc       0x1c ./Example/User/CM7/sd_diskio.o
                0x0800eddc                SD_status
 .text.SD_read  0x0800edf8       0x42 ./Example/User/CM7/sd_diskio.o
                0x0800edf8                SD_read
 .text.SD_write
                0x0800ee3a       0x42 ./Example/User/CM7/sd_diskio.o
                0x0800ee3a                SD_write
 .text.SD_ioctl
                0x0800ee7c       0xb4 ./Example/User/CM7/sd_diskio.o
                0x0800ee7c                SD_ioctl
 .text.HAL_JPEG_MspInit
                0x0800ef30      0x170 ./Example/User/CM7/stm32h7xx_hal_msp.o
                0x0800ef30                HAL_JPEG_MspInit
 .text.NMI_Handler
                0x0800f0a0        0xe ./Example/User/CM7/stm32h7xx_it.o
                0x0800f0a0                NMI_Handler
 .text.HardFault_Handler
                0x0800f0ae        0x8 ./Example/User/CM7/stm32h7xx_it.o
                0x0800f0ae                HardFault_Handler
 .text.MemManage_Handler
                0x0800f0b6        0x8 ./Example/User/CM7/stm32h7xx_it.o
                0x0800f0b6                MemManage_Handler
 .text.BusFault_Handler
                0x0800f0be        0x8 ./Example/User/CM7/stm32h7xx_it.o
                0x0800f0be                BusFault_Handler
 .text.UsageFault_Handler
                0x0800f0c6        0x8 ./Example/User/CM7/stm32h7xx_it.o
                0x0800f0c6                UsageFault_Handler
 .text.SVC_Handler
                0x0800f0ce        0xe ./Example/User/CM7/stm32h7xx_it.o
                0x0800f0ce                SVC_Handler
 .text.DebugMon_Handler
                0x0800f0dc        0xe ./Example/User/CM7/stm32h7xx_it.o
                0x0800f0dc                DebugMon_Handler
 .text.PendSV_Handler
                0x0800f0ea        0xe ./Example/User/CM7/stm32h7xx_it.o
                0x0800f0ea                PendSV_Handler
 .text.SysTick_Handler
                0x0800f0f8        0xc ./Example/User/CM7/stm32h7xx_it.o
                0x0800f0f8                SysTick_Handler
 .text.JPEG_IRQHandler
                0x0800f104       0x14 ./Example/User/CM7/stm32h7xx_it.o
                0x0800f104                JPEG_IRQHandler
 .text.MDMA_IRQHandler
                0x0800f118       0x20 ./Example/User/CM7/stm32h7xx_it.o
                0x0800f118                MDMA_IRQHandler
 .text._sbrk    0x0800f138       0x6c ./Example/User/CM7/sysmem.o
                0x0800f138                _sbrk
 .text.Reset_Handler
                0x0800f1a4       0x54 ./Example/User/Startup/startup_stm32h747xihx.o
                0x0800f1a4                Reset_Handler
 .text.Default_Handler
                0x0800f1f8        0x2 ./Example/User/Startup/startup_stm32h747xihx.o
                0x0800f1f8                RTC_Alarm_IRQHandler
                0x0800f1f8                EXTI2_IRQHandler
                0x0800f1f8                TIM8_CC_IRQHandler
                0x0800f1f8                HRTIM1_Master_IRQHandler
                0x0800f1f8                UART8_IRQHandler
                0x0800f1f8                SPI4_IRQHandler
                0x0800f1f8                TIM1_CC_IRQHandler
                0x0800f1f8                BDMA_Channel6_IRQHandler
                0x0800f1f8                DMA2_Stream5_IRQHandler
                0x0800f1f8                HRTIM1_FLT_IRQHandler
                0x0800f1f8                DMA1_Stream5_IRQHandler
                0x0800f1f8                BDMA_Channel1_IRQHandler
                0x0800f1f8                HRTIM1_TIMD_IRQHandler
                0x0800f1f8                TAMP_STAMP_IRQHandler
                0x0800f1f8                EXTI3_IRQHandler
                0x0800f1f8                LPTIM4_IRQHandler
                0x0800f1f8                TIM8_TRG_COM_TIM14_IRQHandler
                0x0800f1f8                LPTIM2_IRQHandler
                0x0800f1f8                DFSDM1_FLT1_IRQHandler
                0x0800f1f8                DMAMUX2_OVR_IRQHandler
                0x0800f1f8                TIM8_UP_TIM13_IRQHandler
                0x0800f1f8                I2C3_ER_IRQHandler
                0x0800f1f8                DFSDM1_FLT2_IRQHandler
                0x0800f1f8                LPTIM3_IRQHandler
                0x0800f1f8                HSEM1_IRQHandler
                0x0800f1f8                EXTI0_IRQHandler
                0x0800f1f8                I2C2_EV_IRQHandler
                0x0800f1f8                DMA1_Stream2_IRQHandler
                0x0800f1f8                FPU_IRQHandler
                0x0800f1f8                OTG_HS_WKUP_IRQHandler
                0x0800f1f8                FDCAN1_IT1_IRQHandler
                0x0800f1f8                LTDC_ER_IRQHandler
                0x0800f1f8                DMA2_Stream2_IRQHandler
                0x0800f1f8                HRTIM1_TIME_IRQHandler
                0x0800f1f8                SPI1_IRQHandler
                0x0800f1f8                TIM6_DAC_IRQHandler
                0x0800f1f8                DCMI_IRQHandler
                0x0800f1f8                HRTIM1_TIMC_IRQHandler
                0x0800f1f8                DMA2_Stream3_IRQHandler
                0x0800f1f8                SAI2_IRQHandler
                0x0800f1f8                DFSDM1_FLT3_IRQHandler
                0x0800f1f8                USART6_IRQHandler
                0x0800f1f8                TIM17_IRQHandler
                0x0800f1f8                USART3_IRQHandler
                0x0800f1f8                BDMA_Channel7_IRQHandler
                0x0800f1f8                LPTIM5_IRQHandler
                0x0800f1f8                UART5_IRQHandler
                0x0800f1f8                ADC3_IRQHandler
                0x0800f1f8                DMA2_Stream0_IRQHandler
                0x0800f1f8                TIM4_IRQHandler
                0x0800f1f8                BDMA_Channel2_IRQHandler
                0x0800f1f8                QUADSPI_IRQHandler
                0x0800f1f8                I2C1_EV_IRQHandler
                0x0800f1f8                DMA1_Stream6_IRQHandler
                0x0800f1f8                DMAMUX1_OVR_IRQHandler
                0x0800f1f8                DMA1_Stream1_IRQHandler
                0x0800f1f8                TIM16_IRQHandler
                0x0800f1f8                UART4_IRQHandler
                0x0800f1f8                BDMA_Channel5_IRQHandler
                0x0800f1f8                TIM3_IRQHandler
                0x0800f1f8                RCC_IRQHandler
                0x0800f1f8                TIM8_BRK_TIM12_IRQHandler
                0x0800f1f8                TIM1_TRG_COM_IRQHandler
                0x0800f1f8                Default_Handler
                0x0800f1f8                ECC_IRQHandler
                0x0800f1f8                CEC_IRQHandler
                0x0800f1f8                EXTI15_10_IRQHandler
                0x0800f1f8                BDMA_Channel0_IRQHandler
                0x0800f1f8                ADC_IRQHandler
                0x0800f1f8                DMA1_Stream7_IRQHandler
                0x0800f1f8                HRTIM1_TIMA_IRQHandler
                0x0800f1f8                SPI5_IRQHandler
                0x0800f1f8                TIM7_IRQHandler
                0x0800f1f8                SDMMC1_IRQHandler
                0x0800f1f8                TIM5_IRQHandler
                0x0800f1f8                DMA2_Stream7_IRQHandler
                0x0800f1f8                TIM15_IRQHandler
                0x0800f1f8                PVD_AVD_IRQHandler
                0x0800f1f8                I2C3_EV_IRQHandler
                0x0800f1f8                EXTI9_5_IRQHandler
                0x0800f1f8                RTC_WKUP_IRQHandler
                0x0800f1f8                LTDC_IRQHandler
                0x0800f1f8                SAI3_IRQHandler
                0x0800f1f8                ETH_WKUP_IRQHandler
                0x0800f1f8                SPDIF_RX_IRQHandler
                0x0800f1f8                SPI2_IRQHandler
                0x0800f1f8                OTG_HS_EP1_IN_IRQHandler
                0x0800f1f8                DMA1_Stream0_IRQHandler
                0x0800f1f8                CRS_IRQHandler
                0x0800f1f8                CM7_SEV_IRQHandler
                0x0800f1f8                EXTI4_IRQHandler
                0x0800f1f8                RNG_IRQHandler
                0x0800f1f8                CM4_SEV_IRQHandler
                0x0800f1f8                HRTIM1_TIMB_IRQHandler
                0x0800f1f8                FDCAN2_IT1_IRQHandler
                0x0800f1f8                DSI_IRQHandler
                0x0800f1f8                ETH_IRQHandler
                0x0800f1f8                TIM1_UP_IRQHandler
                0x0800f1f8                WWDG_RST_IRQHandler
                0x0800f1f8                BDMA_Channel4_IRQHandler
                0x0800f1f8                OTG_HS_EP1_OUT_IRQHandler
                0x0800f1f8                WWDG_IRQHandler
                0x0800f1f8                SPI6_IRQHandler
                0x0800f1f8                MDIOS_IRQHandler
                0x0800f1f8                I2C4_EV_IRQHandler
                0x0800f1f8                FDCAN2_IT0_IRQHandler
                0x0800f1f8                LPUART1_IRQHandler
                0x0800f1f8                FDCAN1_IT0_IRQHandler
                0x0800f1f8                TIM2_IRQHandler
                0x0800f1f8                OTG_FS_WKUP_IRQHandler
                0x0800f1f8                OTG_HS_IRQHandler
                0x0800f1f8                HSEM2_IRQHandler
                0x0800f1f8                DMA2D_IRQHandler
                0x0800f1f8                TIM1_BRK_IRQHandler
                0x0800f1f8                EXTI1_IRQHandler
                0x0800f1f8                SDMMC2_IRQHandler
                0x0800f1f8                OTG_FS_EP1_OUT_IRQHandler
                0x0800f1f8                BDMA_Channel3_IRQHandler
                0x0800f1f8                HOLD_CORE_IRQHandler
                0x0800f1f8                UART7_IRQHandler
                0x0800f1f8                MDIOS_WKUP_IRQHandler
                0x0800f1f8                USART2_IRQHandler
                0x0800f1f8                DFSDM1_FLT0_IRQHandler
                0x0800f1f8                SAI4_IRQHandler
                0x0800f1f8                I2C2_ER_IRQHandler
                0x0800f1f8                DMA2_Stream1_IRQHandler
                0x0800f1f8                FLASH_IRQHandler
                0x0800f1f8                DMA2_Stream4_IRQHandler
                0x0800f1f8                USART1_IRQHandler
                0x0800f1f8                OTG_FS_IRQHandler
                0x0800f1f8                SPI3_IRQHandler
                0x0800f1f8                WAKEUP_PIN_IRQHandler
                0x0800f1f8                DMA1_Stream4_IRQHandler
                0x0800f1f8                OTG_FS_EP1_IN_IRQHandler
                0x0800f1f8                I2C1_ER_IRQHandler
                0x0800f1f8                FMC_IRQHandler
                0x0800f1f8                FDCAN_CAL_IRQHandler
                0x0800f1f8                SWPMI1_IRQHandler
                0x0800f1f8                COMP1_IRQHandler
                0x0800f1f8                LPTIM1_IRQHandler
                0x0800f1f8                I2C4_ER_IRQHandler
                0x0800f1f8                DMA2_Stream6_IRQHandler
                0x0800f1f8                SAI1_IRQHandler
                0x0800f1f8                DMA1_Stream3_IRQHandler
 *fill*         0x0800f1fa        0x2 
 .text.disk_status
                0x0800f1fc       0x34 ./Middlewares/FatFs/Core/diskio.o
                0x0800f1fc                disk_status
 .text.disk_initialize
                0x0800f230       0x50 ./Middlewares/FatFs/Core/diskio.o
                0x0800f230                disk_initialize
 .text.disk_read
                0x0800f280       0x40 ./Middlewares/FatFs/Core/diskio.o
                0x0800f280                disk_read
 .text.disk_write
                0x0800f2c0       0x40 ./Middlewares/FatFs/Core/diskio.o
                0x0800f2c0                disk_write
 .text.disk_ioctl
                0x0800f300       0x3c ./Middlewares/FatFs/Core/diskio.o
                0x0800f300                disk_ioctl
 .text.get_fattime
                0x0800f33c       0x10 ./Middlewares/FatFs/Core/diskio.o
                0x0800f33c                get_fattime
 .text.ld_word  0x0800f34c       0x32 ./Middlewares/FatFs/Core/ff.o
 .text.ld_dword
                0x0800f37e       0x46 ./Middlewares/FatFs/Core/ff.o
 .text.st_word  0x0800f3c4       0x36 ./Middlewares/FatFs/Core/ff.o
 .text.st_dword
                0x0800f3fa       0x58 ./Middlewares/FatFs/Core/ff.o
 .text.mem_cpy  0x0800f452       0x42 ./Middlewares/FatFs/Core/ff.o
 .text.mem_set  0x0800f494       0x36 ./Middlewares/FatFs/Core/ff.o
 .text.mem_cmp  0x0800f4ca       0x4e ./Middlewares/FatFs/Core/ff.o
 .text.chk_chr  0x0800f518       0x36 ./Middlewares/FatFs/Core/ff.o
 *fill*         0x0800f54e        0x2 
 .text.chk_lock
                0x0800f550       0xb8 ./Middlewares/FatFs/Core/ff.o
 .text.enq_lock
                0x0800f608       0x44 ./Middlewares/FatFs/Core/ff.o
 .text.inc_lock
                0x0800f64c      0x11c ./Middlewares/FatFs/Core/ff.o
 .text.dec_lock
                0x0800f768       0x78 ./Middlewares/FatFs/Core/ff.o
 .text.clear_lock
                0x0800f7e0       0x48 ./Middlewares/FatFs/Core/ff.o
 .text.sync_window
                0x0800f828       0x88 ./Middlewares/FatFs/Core/ff.o
 .text.move_window
                0x0800f8b0       0x5a ./Middlewares/FatFs/Core/ff.o
 *fill*         0x0800f90a        0x2 
 .text.sync_fs  0x0800f90c       0xdc ./Middlewares/FatFs/Core/ff.o
 .text.clust2sect
                0x0800f9e8       0x3e ./Middlewares/FatFs/Core/ff.o
 .text.get_fat  0x0800fa26      0x14e ./Middlewares/FatFs/Core/ff.o
 .text.put_fat  0x0800fb74      0x1d4 ./Middlewares/FatFs/Core/ff.o
 .text.remove_chain
                0x0800fd48       0xca ./Middlewares/FatFs/Core/ff.o
 .text.create_chain
                0x0800fe12      0x130 ./Middlewares/FatFs/Core/ff.o
 .text.clmt_clust
                0x0800ff42       0x68 ./Middlewares/FatFs/Core/ff.o
 .text.dir_sdi  0x0800ffaa       0xf6 ./Middlewares/FatFs/Core/ff.o
 .text.dir_next
                0x080100a0      0x18a ./Middlewares/FatFs/Core/ff.o
 .text.dir_alloc
                0x0801022a       0x8e ./Middlewares/FatFs/Core/ff.o
 .text.ld_clust
                0x080102b8       0x3e ./Middlewares/FatFs/Core/ff.o
 .text.st_clust
                0x080102f6       0x40 ./Middlewares/FatFs/Core/ff.o
 *fill*         0x08010336        0x2 
 .text.cmp_lfn  0x08010338       0xe0 ./Middlewares/FatFs/Core/ff.o
 .text.put_lfn  0x08010418       0xd0 ./Middlewares/FatFs/Core/ff.o
 .text.gen_numname
                0x080104e8      0x11c ./Middlewares/FatFs/Core/ff.o
 .text.sum_sfn  0x08010604       0x42 ./Middlewares/FatFs/Core/ff.o
 .text.dir_find
                0x08010646      0x180 ./Middlewares/FatFs/Core/ff.o
 *fill*         0x080107c6        0x2 
 .text.dir_register
                0x080107c8      0x1f0 ./Middlewares/FatFs/Core/ff.o
 .text.create_name
                0x080109b8      0x370 ./Middlewares/FatFs/Core/ff.o
 .text.follow_path
                0x08010d28       0xe2 ./Middlewares/FatFs/Core/ff.o
 .text.get_ldnumber
                0x08010e0a       0x88 ./Middlewares/FatFs/Core/ff.o
 *fill*         0x08010e92        0x2 
 .text.check_fs
                0x08010e94       0xac ./Middlewares/FatFs/Core/ff.o
 .text.find_volume
                0x08010f40      0x498 ./Middlewares/FatFs/Core/ff.o
 .text.validate
                0x080113d8       0x6a ./Middlewares/FatFs/Core/ff.o
 *fill*         0x08011442        0x2 
 .text.f_mount  0x08011444       0x8c ./Middlewares/FatFs/Core/ff.o
                0x08011444                f_mount
 .text.f_open   0x080114d0      0x394 ./Middlewares/FatFs/Core/ff.o
                0x080114d0                f_open
 .text.f_read   0x08011864      0x27e ./Middlewares/FatFs/Core/ff.o
                0x08011864                f_read
 .text.f_sync   0x08011ae2       0xfc ./Middlewares/FatFs/Core/ff.o
                0x08011ae2                f_sync
 .text.f_close  0x08011bde       0x54 ./Middlewares/FatFs/Core/ff.o
                0x08011bde                f_close
 *fill*         0x08011c32        0x2 
 .text.FATFS_LinkDriverEx
                0x08011c34       0x98 ./Middlewares/FatFs/Core/ff_gen_drv.o
                0x08011c34                FATFS_LinkDriverEx
 .text.FATFS_LinkDriver
                0x08011ccc       0x1e ./Middlewares/FatFs/Core/ff_gen_drv.o
                0x08011ccc                FATFS_LinkDriver
 .text.ff_memalloc
                0x08011cea       0x18 ./Middlewares/FatFs/Options/syscall.o
                0x08011cea                ff_memalloc
 .text.ff_memfree
                0x08011d02       0x16 ./Middlewares/FatFs/Options/syscall.o
                0x08011d02                ff_memfree
 .text.ff_convert
                0x08011d18       0x78 ./Middlewares/FatFs/Options/unicode.o
                0x08011d18                ff_convert
 .text.ff_wtoupper
                0x08011d90      0x114 ./Middlewares/FatFs/Options/unicode.o
                0x08011d90                ff_wtoupper
 .text.UTIL_LCD_SetFuncDriver
                0x08011ea4       0xac ./Utilities/stm32_lcd.o
                0x08011ea4                UTIL_LCD_SetFuncDriver
 .text.UTIL_LCD_SetLayer
                0x08011f50       0x3c ./Utilities/stm32_lcd.o
                0x08011f50                UTIL_LCD_SetLayer
 .text.UTIL_LCD_SetTextColor
                0x08011f8c       0x28 ./Utilities/stm32_lcd.o
                0x08011f8c                UTIL_LCD_SetTextColor
 .text.UTIL_LCD_SetBackColor
                0x08011fb4       0x28 ./Utilities/stm32_lcd.o
                0x08011fb4                UTIL_LCD_SetBackColor
 .text.UTIL_LCD_SetFont
                0x08011fdc       0x28 ./Utilities/stm32_lcd.o
                0x08011fdc                UTIL_LCD_SetFont
 .text.UTIL_LCD_GetFont
                0x08012004       0x20 ./Utilities/stm32_lcd.o
                0x08012004                UTIL_LCD_GetFont
 .text.UTIL_LCD_FillRGBRect
                0x08012024       0x38 ./Utilities/stm32_lcd.o
                0x08012024                UTIL_LCD_FillRGBRect
 .text.UTIL_LCD_Clear
                0x0801205c       0x2c ./Utilities/stm32_lcd.o
                0x0801205c                UTIL_LCD_Clear
 .text.UTIL_LCD_DisplayChar
                0x08012088       0x6c ./Utilities/stm32_lcd.o
                0x08012088                UTIL_LCD_DisplayChar
 .text.UTIL_LCD_DisplayStringAt
                0x080120f4      0x15c ./Utilities/stm32_lcd.o
                0x080120f4                UTIL_LCD_DisplayStringAt
 .text.UTIL_LCD_DisplayStringAtLine
                0x08012250       0x2c ./Utilities/stm32_lcd.o
                0x08012250                UTIL_LCD_DisplayStringAtLine
 .text.UTIL_LCD_FillRect
                0x0801227c       0x74 ./Utilities/stm32_lcd.o
                0x0801227c                UTIL_LCD_FillRect
 .text.DrawChar
                0x080122f0      0x2b4 ./Utilities/stm32_lcd.o
 .text.malloc   0x080125a4       0x10 C:/ST/STM32CubeIDE_1.18.0/STM32CubeIDE/plugins/com.st.stm32cube.ide.mcu.externaltools.gnu-tools-for-stm32.13.3.rel1.win32_1.0.0.202411081344/tools/bin/../lib/gcc/arm-none-eabi/13.3.1/../../../../arm-none-eabi/lib/thumb/v7e-m+dp/hard\libc_nano.a(libc_a-malloc.o)
                0x080125a4                malloc
 .text.free     0x080125b4       0x10 C:/ST/STM32CubeIDE_1.18.0/STM32CubeIDE/plugins/com.st.stm32cube.ide.mcu.externaltools.gnu-tools-for-stm32.13.3.rel1.win32_1.0.0.202411081344/tools/bin/../lib/gcc/arm-none-eabi/13.3.1/../../../../arm-none-eabi/lib/thumb/v7e-m+dp/hard\libc_nano.a(libc_a-malloc.o)
                0x080125b4                free
 .text.sbrk_aligned
                0x080125c4       0x44 C:/ST/STM32CubeIDE_1.18.0/STM32CubeIDE/plugins/com.st.stm32cube.ide.mcu.externaltools.gnu-tools-for-stm32.13.3.rel1.win32_1.0.0.202411081344/tools/bin/../lib/gcc/arm-none-eabi/13.3.1/../../../../arm-none-eabi/lib/thumb/v7e-m+dp/hard\libc_nano.a(libc_a-mallocr.o)
 .text._malloc_r
                0x08012608      0x100 C:/ST/STM32CubeIDE_1.18.0/STM32CubeIDE/plugins/com.st.stm32cube.ide.mcu.externaltools.gnu-tools-for-stm32.13.3.rel1.win32_1.0.0.202411081344/tools/bin/../lib/gcc/arm-none-eabi/13.3.1/../../../../arm-none-eabi/lib/thumb/v7e-m+dp/hard\libc_nano.a(libc_a-mallocr.o)
                0x08012608                _malloc_r
 .text.__malloc_lock
                0x08012708        0xc C:/ST/STM32CubeIDE_1.18.0/STM32CubeIDE/plugins/com.st.stm32cube.ide.mcu.externaltools.gnu-tools-for-stm32.13.3.rel1.win32_1.0.0.202411081344/tools/bin/../lib/gcc/arm-none-eabi/13.3.1/../../../../arm-none-eabi/lib/thumb/v7e-m+dp/hard\libc_nano.a(libc_a-mlock.o)
                0x08012708                __malloc_lock
 .text.__malloc_unlock
                0x08012714        0xc C:/ST/STM32CubeIDE_1.18.0/STM32CubeIDE/plugins/com.st.stm32cube.ide.mcu.externaltools.gnu-tools-for-stm32.13.3.rel1.win32_1.0.0.202411081344/tools/bin/../lib/gcc/arm-none-eabi/13.3.1/../../../../arm-none-eabi/lib/thumb/v7e-m+dp/hard\libc_nano.a(libc_a-mlock.o)
                0x08012714                __malloc_unlock
 .text.memset   0x08012720       0x10 C:/ST/STM32CubeIDE_1.18.0/STM32CubeIDE/plugins/com.st.stm32cube.ide.mcu.externaltools.gnu-tools-for-stm32.13.3.rel1.win32_1.0.0.202411081344/tools/bin/../lib/gcc/arm-none-eabi/13.3.1/../../../../arm-none-eabi/lib/thumb/v7e-m+dp/hard\libc_nano.a(libc_a-memset.o)
                0x08012720                memset
 .text._sbrk_r  0x08012730       0x20 C:/ST/STM32CubeIDE_1.18.0/STM32CubeIDE/plugins/com.st.stm32cube.ide.mcu.externaltools.gnu-tools-for-stm32.13.3.rel1.win32_1.0.0.202411081344/tools/bin/../lib/gcc/arm-none-eabi/13.3.1/../../../../arm-none-eabi/lib/thumb/v7e-m+dp/hard\libc_nano.a(libc_a-sbrkr.o)
                0x08012730                _sbrk_r
 .text.__errno  0x08012750        0xc C:/ST/STM32CubeIDE_1.18.0/STM32CubeIDE/plugins/com.st.stm32cube.ide.mcu.externaltools.gnu-tools-for-stm32.13.3.rel1.win32_1.0.0.202411081344/tools/bin/../lib/gcc/arm-none-eabi/13.3.1/../../../../arm-none-eabi/lib/thumb/v7e-m+dp/hard\libc_nano.a(libc_a-errno.o)
                0x08012750                __errno
 .text.__libc_init_array
                0x0801275c       0x48 C:/ST/STM32CubeIDE_1.18.0/STM32CubeIDE/plugins/com.st.stm32cube.ide.mcu.externaltools.gnu-tools-for-stm32.13.3.rel1.win32_1.0.0.202411081344/tools/bin/../lib/gcc/arm-none-eabi/13.3.1/../../../../arm-none-eabi/lib/thumb/v7e-m+dp/hard\libc_nano.a(libc_a-init.o)
                0x0801275c                __libc_init_array
 .text.__retarget_lock_acquire_recursive
                0x080127a4        0x2 C:/ST/STM32CubeIDE_1.18.0/STM32CubeIDE/plugins/com.st.stm32cube.ide.mcu.externaltools.gnu-tools-for-stm32.13.3.rel1.win32_1.0.0.202411081344/tools/bin/../lib/gcc/arm-none-eabi/13.3.1/../../../../arm-none-eabi/lib/thumb/v7e-m+dp/hard\libc_nano.a(libc_a-lock.o)
                0x080127a4                __retarget_lock_acquire_recursive
 .text.__retarget_lock_release_recursive
                0x080127a6        0x2 C:/ST/STM32CubeIDE_1.18.0/STM32CubeIDE/plugins/com.st.stm32cube.ide.mcu.externaltools.gnu-tools-for-stm32.13.3.rel1.win32_1.0.0.202411081344/tools/bin/../lib/gcc/arm-none-eabi/13.3.1/../../../../arm-none-eabi/lib/thumb/v7e-m+dp/hard\libc_nano.a(libc_a-lock.o)
                0x080127a6                __retarget_lock_release_recursive
 .text._free_r  0x080127a8       0x94 C:/ST/STM32CubeIDE_1.18.0/STM32CubeIDE/plugins/com.st.stm32cube.ide.mcu.externaltools.gnu-tools-for-stm32.13.3.rel1.win32_1.0.0.202411081344/tools/bin/../lib/gcc/arm-none-eabi/13.3.1/../../../../arm-none-eabi/lib/thumb/v7e-m+dp/hard\libc_nano.a(libc_a-freer.o)
                0x080127a8                _free_r
 *(.glue_7)
 .glue_7        0x0801283c        0x0 linker stubs
 *(.glue_7t)
 .glue_7t       0x0801283c        0x0 linker stubs
 *(.eh_frame)
 .eh_frame      0x0801283c        0x0 C:/ST/STM32CubeIDE_1.18.0/STM32CubeIDE/plugins/com.st.stm32cube.ide.mcu.externaltools.gnu-tools-for-stm32.13.3.rel1.win32_1.0.0.202411081344/tools/bin/../lib/gcc/arm-none-eabi/13.3.1/thumb/v7e-m+dp/hard/crtbegin.o
 *(.init)
 .init          0x0801283c        0x4 C:/ST/STM32CubeIDE_1.18.0/STM32CubeIDE/plugins/com.st.stm32cube.ide.mcu.externaltools.gnu-tools-for-stm32.13.3.rel1.win32_1.0.0.202411081344/tools/bin/../lib/gcc/arm-none-eabi/13.3.1/thumb/v7e-m+dp/hard/crti.o
                0x0801283c                _init
 .init          0x08012840        0x8 C:/ST/STM32CubeIDE_1.18.0/STM32CubeIDE/plugins/com.st.stm32cube.ide.mcu.externaltools.gnu-tools-for-stm32.13.3.rel1.win32_1.0.0.202411081344/tools/bin/../lib/gcc/arm-none-eabi/13.3.1/thumb/v7e-m+dp/hard/crtn.o
 *(.fini)
 .fini          0x08012848        0x4 C:/ST/STM32CubeIDE_1.18.0/STM32CubeIDE/plugins/com.st.stm32cube.ide.mcu.externaltools.gnu-tools-for-stm32.13.3.rel1.win32_1.0.0.202411081344/tools/bin/../lib/gcc/arm-none-eabi/13.3.1/thumb/v7e-m+dp/hard/crti.o
                0x08012848                _fini
 .fini          0x0801284c        0x8 C:/ST/STM32CubeIDE_1.18.0/STM32CubeIDE/plugins/com.st.stm32cube.ide.mcu.externaltools.gnu-tools-for-stm32.13.3.rel1.win32_1.0.0.202411081344/tools/bin/../lib/gcc/arm-none-eabi/13.3.1/thumb/v7e-m+dp/hard/crtn.o
                0x08012854                        . = ALIGN (0x4)
                0x08012854                        _etext = .

.vfp11_veneer   0x08012854        0x0
 .vfp11_veneer  0x08012854        0x0 linker stubs

.v4_bx          0x08012854        0x0
 .v4_bx         0x08012854        0x0 linker stubs

.iplt           0x08012854        0x0
 .iplt          0x08012854        0x0 C:/ST/STM32CubeIDE_1.18.0/STM32CubeIDE/plugins/com.st.stm32cube.ide.mcu.externaltools.gnu-tools-for-stm32.13.3.rel1.win32_1.0.0.202411081344/tools/bin/../lib/gcc/arm-none-eabi/13.3.1/thumb/v7e-m+dp/hard/crtbegin.o

.rodata         0x08012854     0x163c
                0x08012854                        . = ALIGN (0x4)
 *(.rodata)
 .rodata        0x08012854       0xf2 ./Example/User/CM7/main.o
 *fill*         0x08012946        0x2 
 .rodata        0x08012948       0x48 ./Middlewares/FatFs/Core/ff.o
 *(.rodata*)
 .rodata.nt35510_madctl_portrait
                0x08012990        0x2 ./Drivers/BSP/Components/nt35510.o
 *fill*         0x08012992        0x2 
 .rodata.nt35510_caset_portrait
                0x08012994        0x5 ./Drivers/BSP/Components/nt35510.o
 *fill*         0x08012999        0x3 
 .rodata.nt35510_raset_portrait
                0x0801299c        0x5 ./Drivers/BSP/Components/nt35510.o
 *fill*         0x080129a1        0x3 
 .rodata.nt35510_madctl_landscape
                0x080129a4        0x2 ./Drivers/BSP/Components/nt35510.o
 *fill*         0x080129a6        0x2 
 .rodata.nt35510_caset_landscape
                0x080129a8        0x5 ./Drivers/BSP/Components/nt35510.o
 *fill*         0x080129ad        0x3 
 .rodata.nt35510_raset_landscape
                0x080129b0        0x5 ./Drivers/BSP/Components/nt35510.o
 *fill*         0x080129b5        0x3 
 .rodata.nt35510_reg.32
                0x080129b8        0x5 ./Drivers/BSP/Components/nt35510.o
 *fill*         0x080129bd        0x3 
 .rodata.nt35510_reg1.31
                0x080129c0        0x3 ./Drivers/BSP/Components/nt35510.o
 *fill*         0x080129c3        0x1 
 .rodata.nt35510_reg2.30
                0x080129c4        0x3 ./Drivers/BSP/Components/nt35510.o
 *fill*         0x080129c7        0x1 
 .rodata.nt35510_reg3.29
                0x080129c8        0x3 ./Drivers/BSP/Components/nt35510.o
 *fill*         0x080129cb        0x1 
 .rodata.nt35510_reg4.28
                0x080129cc        0x3 ./Drivers/BSP/Components/nt35510.o
 *fill*         0x080129cf        0x1 
 .rodata.nt35510_reg5.27
                0x080129d0        0x3 ./Drivers/BSP/Components/nt35510.o
 *fill*         0x080129d3        0x1 
 .rodata.nt35510_reg6.26
                0x080129d4        0x3 ./Drivers/BSP/Components/nt35510.o
 *fill*         0x080129d7        0x1 
 .rodata.nt35510_reg7.25
                0x080129d8        0x2 ./Drivers/BSP/Components/nt35510.o
 *fill*         0x080129da        0x2 
 .rodata.nt35510_reg8.24
                0x080129dc        0x3 ./Drivers/BSP/Components/nt35510.o
 *fill*         0x080129df        0x1 
 .rodata.nt35510_reg9.23
                0x080129e0        0x3 ./Drivers/BSP/Components/nt35510.o
 *fill*         0x080129e3        0x1 
 .rodata.nt35510_reg10.22
                0x080129e4        0x3 ./Drivers/BSP/Components/nt35510.o
 *fill*         0x080129e7        0x1 
 .rodata.nt35510_reg12.21
                0x080129e8        0x3 ./Drivers/BSP/Components/nt35510.o
 *fill*         0x080129eb        0x1 
 .rodata.nt35510_reg13.20
                0x080129ec        0x3 ./Drivers/BSP/Components/nt35510.o
 *fill*         0x080129ef        0x1 
 .rodata.nt35510_reg14.19
                0x080129f0        0x3 ./Drivers/BSP/Components/nt35510.o
 *fill*         0x080129f3        0x1 
 .rodata.nt35510_reg15.18
                0x080129f4        0x2 ./Drivers/BSP/Components/nt35510.o
 *fill*         0x080129f6        0x2 
 .rodata.nt35510_reg16.17
                0x080129f8        0x5 ./Drivers/BSP/Components/nt35510.o
 *fill*         0x080129fd        0x3 
 .rodata.nt35510_reg17.16
                0x08012a00        0x2 ./Drivers/BSP/Components/nt35510.o
 *fill*         0x08012a02        0x2 
 .rodata.nt35510_reg18.15
                0x08012a04        0x2 ./Drivers/BSP/Components/nt35510.o
 *fill*         0x08012a06        0x2 
 .rodata.nt35510_reg19.14
                0x08012a08        0x2 ./Drivers/BSP/Components/nt35510.o
 *fill*         0x08012a0a        0x2 
 .rodata.nt35510_reg20.13
                0x08012a0c        0x2 ./Drivers/BSP/Components/nt35510.o
 *fill*         0x08012a0e        0x2 
 .rodata.nt35510_reg21.12
                0x08012a10        0x4 ./Drivers/BSP/Components/nt35510.o
 .rodata.nt35510_reg22.11
                0x08012a14        0x3 ./Drivers/BSP/Components/nt35510.o
 *fill*         0x08012a17        0x1 
 .rodata.nt35510_reg23.10
                0x08012a18        0x3 ./Drivers/BSP/Components/nt35510.o
 *fill*         0x08012a1b        0x1 
 .rodata.nt35510_reg24.9
                0x08012a1c        0x2 ./Drivers/BSP/Components/nt35510.o
 *fill*         0x08012a1e        0x2 
 .rodata.nt35510_reg27.8
                0x08012a20        0x2 ./Drivers/BSP/Components/nt35510.o
 *fill*         0x08012a22        0x2 
 .rodata.nt35510_reg36.7
                0x08012a24        0x2 ./Drivers/BSP/Components/nt35510.o
 *fill*         0x08012a26        0x2 
 .rodata.nt35510_reg37.6
                0x08012a28        0x2 ./Drivers/BSP/Components/nt35510.o
 *fill*         0x08012a2a        0x2 
 .rodata.nt35510_reg31.5
                0x08012a2c        0x2 ./Drivers/BSP/Components/nt35510.o
 *fill*         0x08012a2e        0x2 
 .rodata.nt35510_reg32.4
                0x08012a30        0x2 ./Drivers/BSP/Components/nt35510.o
 *fill*         0x08012a32        0x2 
 .rodata.nt35510_reg33.3
                0x08012a34        0x2 ./Drivers/BSP/Components/nt35510.o
 *fill*         0x08012a36        0x2 
 .rodata.nt35510_reg34.2
                0x08012a38        0x2 ./Drivers/BSP/Components/nt35510.o
 *fill*         0x08012a3a        0x2 
 .rodata.nt35510_reg30.1
                0x08012a3c        0x2 ./Drivers/BSP/Components/nt35510.o
 *fill*         0x08012a3e        0x2 
 .rodata.nt35510_reg35.0
                0x08012a40        0x2 ./Drivers/BSP/Components/nt35510.o
 *fill*         0x08012a42        0x2 
 .rodata.LcdRegData27
                0x08012a44        0x4 ./Drivers/BSP/Components/otm8009a.o
 .rodata.LcdRegData28
                0x08012a48        0x4 ./Drivers/BSP/Components/otm8009a.o
 .rodata.short_reg_data.25
                0x08012a4c       0x33 ./Drivers/BSP/Components/otm8009a.o
 *fill*         0x08012a7f        0x1 
 .rodata.lcd_reg_data1.24
                0x08012a80        0x3 ./Drivers/BSP/Components/otm8009a.o
 *fill*         0x08012a83        0x1 
 .rodata.lcd_reg_data2.23
                0x08012a84        0x2 ./Drivers/BSP/Components/otm8009a.o
 *fill*         0x08012a86        0x2 
 .rodata.lcd_reg_data5.22
                0x08012a88        0x2 ./Drivers/BSP/Components/otm8009a.o
 *fill*         0x08012a8a        0x2 
 .rodata.lcd_reg_data6.21
                0x08012a8c        0x2 ./Drivers/BSP/Components/otm8009a.o
 *fill*         0x08012a8e        0x2 
 .rodata.lcd_reg_data7.20
                0x08012a90        0x6 ./Drivers/BSP/Components/otm8009a.o
 *fill*         0x08012a96        0x2 
 .rodata.lcd_reg_data8.19
                0x08012a98        0xe ./Drivers/BSP/Components/otm8009a.o
 *fill*         0x08012aa6        0x2 
 .rodata.lcd_reg_data9.18
                0x08012aa8        0xe ./Drivers/BSP/Components/otm8009a.o
 *fill*         0x08012ab6        0x2 
 .rodata.lcd_reg_data10.17
                0x08012ab8        0xa ./Drivers/BSP/Components/otm8009a.o
 *fill*         0x08012ac2        0x2 
 .rodata.lcd_reg_data11.16
                0x08012ac4        0xa ./Drivers/BSP/Components/otm8009a.o
 *fill*         0x08012ace        0x2 
 .rodata.lcd_reg_data12.15
                0x08012ad0        0xf ./Drivers/BSP/Components/otm8009a.o
 *fill*         0x08012adf        0x1 
 .rodata.lcd_reg_data13.14
                0x08012ae0        0xf ./Drivers/BSP/Components/otm8009a.o
 *fill*         0x08012aef        0x1 
 .rodata.lcd_reg_data14.13
                0x08012af0        0xa ./Drivers/BSP/Components/otm8009a.o
 *fill*         0x08012afa        0x2 
 .rodata.lcd_reg_data15.12
                0x08012afc        0xf ./Drivers/BSP/Components/otm8009a.o
 *fill*         0x08012b0b        0x1 
 .rodata.lcd_reg_data16.11
                0x08012b0c        0xf ./Drivers/BSP/Components/otm8009a.o
 *fill*         0x08012b1b        0x1 
 .rodata.lcd_reg_data17.10
                0x08012b1c        0xa ./Drivers/BSP/Components/otm8009a.o
 *fill*         0x08012b26        0x2 
 .rodata.lcd_reg_data18.9
                0x08012b28        0xa ./Drivers/BSP/Components/otm8009a.o
 *fill*         0x08012b32        0x2 
 .rodata.lcd_reg_data19.8
                0x08012b34        0xa ./Drivers/BSP/Components/otm8009a.o
 *fill*         0x08012b3e        0x2 
 .rodata.lcd_reg_data20.7
                0x08012b40        0xf ./Drivers/BSP/Components/otm8009a.o
 *fill*         0x08012b4f        0x1 
 .rodata.lcd_reg_data21.6
                0x08012b50        0xf ./Drivers/BSP/Components/otm8009a.o
 *fill*         0x08012b5f        0x1 
 .rodata.lcd_reg_data22.5
                0x08012b60        0xa ./Drivers/BSP/Components/otm8009a.o
 *fill*         0x08012b6a        0x2 
 .rodata.lcd_reg_data23.4
                0x08012b6c        0xf ./Drivers/BSP/Components/otm8009a.o
 *fill*         0x08012b7b        0x1 
 .rodata.lcd_reg_data24.3
                0x08012b7c        0xf ./Drivers/BSP/Components/otm8009a.o
 *fill*         0x08012b8b        0x1 
 .rodata.lcd_reg_data25.2
                0x08012b8c        0x3 ./Drivers/BSP/Components/otm8009a.o
 *fill*         0x08012b8f        0x1 
 .rodata.lcd_reg_data3.1
                0x08012b90       0x10 ./Drivers/BSP/Components/otm8009a.o
 .rodata.lcd_reg_data4.0
                0x08012ba0       0x10 ./Drivers/BSP/Components/otm8009a.o
 .rodata.LED_PIN
                0x08012bb0       0x10 ./Drivers/BSP/STM32H747I_DISCO/stm32h747i_discovery.o
 .rodata.LCD_Driver
                0x08012bc0       0x2c ./Drivers/BSP/STM32H747I_DISCO/stm32h747i_discovery_lcd.o
                0x08012bc0                LCD_Driver
 .rodata.D1CorePrescTable
                0x08012bec       0x10 ./Drivers/CMSIS/system_stm32h7xx.o
                0x08012bec                D1CorePrescTable
 .rodata.JPEG_DCLUM_HuffTable
                0x08012bfc       0x1c ./Drivers/STM32H7xx_HAL_Driver/stm32h7xx_hal_jpeg.o
 .rodata.JPEG_DCCHROM_HuffTable
                0x08012c18       0x1c ./Drivers/STM32H7xx_HAL_Driver/stm32h7xx_hal_jpeg.o
 .rodata.JPEG_ACLUM_HuffTable
                0x08012c34       0xb2 ./Drivers/STM32H7xx_HAL_Driver/stm32h7xx_hal_jpeg.o
 *fill*         0x08012ce6        0x2 
 .rodata.JPEG_ACCHROM_HuffTable
                0x08012ce8       0xb2 ./Drivers/STM32H7xx_HAL_Driver/stm32h7xx_hal_jpeg.o
 *fill*         0x08012d9a        0x2 
 .rodata.JPEG_ZIGZAG_ORDER
                0x08012d9c       0x40 ./Drivers/STM32H7xx_HAL_Driver/stm32h7xx_hal_jpeg.o
 .rodata.JPEG_LUM_QuantTable.1
                0x08012ddc       0x40 ./Drivers/STM32H7xx_HAL_Driver/stm32h7xx_hal_jpeg.o
 .rodata.JPEG_CHROM_QuantTable.0
                0x08012e1c       0x40 ./Drivers/STM32H7xx_HAL_Driver/stm32h7xx_hal_jpeg.o
 .rodata.SD_Driver
                0x08012e5c       0x14 ./Example/User/CM7/sd_diskio.o
                0x08012e5c                SD_Driver
 .rodata.ExCvt  0x08012e70       0x80 ./Middlewares/FatFs/Core/ff.o
 .rodata.LfnOfs
                0x08012ef0        0xd ./Middlewares/FatFs/Core/ff.o
 *fill*         0x08012efd        0x3 
 .rodata.Tbl    0x08012f00      0x100 ./Middlewares/FatFs/Options/unicode.o
 .rodata.cvt1.1
                0x08013000      0x1f2 ./Middlewares/FatFs/Options/unicode.o
 *fill*         0x080131f2        0x2 
 .rodata.cvt2.0
                0x080131f4       0xbc ./Middlewares/FatFs/Options/unicode.o
 .rodata.Font16_Table
                0x080132b0      0xbe0 ./Utilities/stm32_lcd.o
                0x080132b0                Font16_Table
                0x08013e90                        . = ALIGN (0x4)

.ARM.extab
 *(.ARM.extab* .gnu.linkonce.armextab.*)

.ARM            0x08013e90        0x0
                0x08013e90                        __exidx_start = .
 *(.ARM.exidx*)
                0x08013e90                        __exidx_end = .

.preinit_array  0x08013e90        0x0
                0x08013e90                        PROVIDE (__preinit_array_start = .)
 *(.preinit_array*)
                0x08013e90                        PROVIDE (__preinit_array_end = .)

.init_array     0x08013e90        0x4
                0x08013e90                        PROVIDE (__init_array_start = .)
 *(SORT_BY_NAME(.init_array.*))
 *(.init_array*)
 .init_array    0x08013e90        0x4 C:/ST/STM32CubeIDE_1.18.0/STM32CubeIDE/plugins/com.st.stm32cube.ide.mcu.externaltools.gnu-tools-for-stm32.13.3.rel1.win32_1.0.0.202411081344/tools/bin/../lib/gcc/arm-none-eabi/13.3.1/thumb/v7e-m+dp/hard/crtbegin.o
                0x08013e94                        PROVIDE (__init_array_end = .)

.fini_array     0x08013e94        0x4
                [!provide]                        PROVIDE (__fini_array_start = .)
 *(SORT_BY_NAME(.fini_array.*))
 *(.fini_array*)
 .fini_array    0x08013e94        0x4 C:/ST/STM32CubeIDE_1.18.0/STM32CubeIDE/plugins/com.st.stm32cube.ide.mcu.externaltools.gnu-tools-for-stm32.13.3.rel1.win32_1.0.0.202411081344/tools/bin/../lib/gcc/arm-none-eabi/13.3.1/thumb/v7e-m+dp/hard/crtbegin.o
                [!provide]                        PROVIDE (__fini_array_end = .)
                0x08013e98                        _sidata = LOADADDR (.data)

.rel.dyn        0x08013e98        0x0
 .rel.iplt      0x08013e98        0x0 C:/ST/STM32CubeIDE_1.18.0/STM32CubeIDE/plugins/com.st.stm32cube.ide.mcu.externaltools.gnu-tools-for-stm32.13.3.rel1.win32_1.0.0.202411081344/tools/bin/../lib/gcc/arm-none-eabi/13.3.1/thumb/v7e-m+dp/hard/crtbegin.o

.data           0x20000000      0x12c load address 0x08013e98
                0x20000000                        . = ALIGN (0x4)
                0x20000000                        _sdata = .
 *(.data)
 *(.data*)
 .data.NT35510_LCD_Driver
                0x20000000       0x4c ./Drivers/BSP/Components/nt35510.o
                0x20000000                NT35510_LCD_Driver
 .data.OTM8009A_LCD_Driver
                0x2000004c       0x4c ./Drivers/BSP/Components/otm8009a.o
                0x2000004c                OTM8009A_LCD_Driver
 .data.LED_PORT
                0x20000098       0x10 ./Drivers/BSP/STM32H747I_DISCO/stm32h747i_discovery.o
 .data.SystemCoreClock
                0x200000a8        0x4 ./Drivers/CMSIS/system_stm32h7xx.o
                0x200000a8                SystemCoreClock
 .data.SystemD2Clock
                0x200000ac        0x4 ./Drivers/CMSIS/system_stm32h7xx.o
                0x200000ac                SystemD2Clock
 .data.uwTickPrio
                0x200000b0        0x4 ./Drivers/STM32H7xx_HAL_Driver/stm32h7xx_hal.o
                0x200000b0                uwTickPrio
 .data.uwTickFreq
                0x200000b4        0x1 ./Drivers/STM32H7xx_HAL_Driver/stm32h7xx_hal.o
                0x200000b4                uwTickFreq
 *fill*         0x200000b5        0x3 
 .data.Jpeg_IN_BufferTab
                0x200000b8       0x18 ./Example/User/CM7/decode_dma.o
                0x200000b8                Jpeg_IN_BufferTab
 .data.Stat     0x200000d0        0x1 ./Example/User/CM7/sd_diskio.o
 *fill*         0x200000d1        0x3 
 .data.Font16   0x200000d4        0x8 ./Utilities/stm32_lcd.o
                0x200000d4                Font16
 .data._impure_ptr
                0x200000dc        0x4 C:/ST/STM32CubeIDE_1.18.0/STM32CubeIDE/plugins/com.st.stm32cube.ide.mcu.externaltools.gnu-tools-for-stm32.13.3.rel1.win32_1.0.0.202411081344/tools/bin/../lib/gcc/arm-none-eabi/13.3.1/../../../../arm-none-eabi/lib/thumb/v7e-m+dp/hard\libc_nano.a(libc_a-impure.o)
                0x200000dc                _impure_ptr
 .data._impure_data
                0x200000e0       0x4c C:/ST/STM32CubeIDE_1.18.0/STM32CubeIDE/plugins/com.st.stm32cube.ide.mcu.externaltools.gnu-tools-for-stm32.13.3.rel1.win32_1.0.0.202411081344/tools/bin/../lib/gcc/arm-none-eabi/13.3.1/../../../../arm-none-eabi/lib/thumb/v7e-m+dp/hard\libc_nano.a(libc_a-impure.o)
                0x200000e0                _impure_data
                0x2000012c                        . = ALIGN (0x4)
                0x2000012c                        _edata = .

.igot.plt       0x2000012c        0x0 load address 0x08013fc4
 .igot.plt      0x2000012c        0x0 C:/ST/STM32CubeIDE_1.18.0/STM32CubeIDE/plugins/com.st.stm32cube.ide.mcu.externaltools.gnu-tools-for-stm32.13.3.rel1.win32_1.0.0.202411081344/tools/bin/../lib/gcc/arm-none-eabi/13.3.1/thumb/v7e-m+dp/hard/crtbegin.o
                0x2000012c                        . = ALIGN (0x4)

.bss            0x2000012c     0x2b3c load address 0x08013fc4
                0x2000012c                        _sbss = .
                0x2000012c                        __bss_start__ = _sbss
 *(.bss)
 .bss           0x2000012c       0x1c C:/ST/STM32CubeIDE_1.18.0/STM32CubeIDE/plugins/com.st.stm32cube.ide.mcu.externaltools.gnu-tools-for-stm32.13.3.rel1.win32_1.0.0.202411081344/tools/bin/../lib/gcc/arm-none-eabi/13.3.1/thumb/v7e-m+dp/hard/crtbegin.o
 *(.bss*)
 .bss.Command   0x20000148       0x10 ./Drivers/BSP/Components/is42s32800j.o
 .bss.NT35510Ctx
                0x20000158        0xc ./Drivers/BSP/Components/nt35510.o
 .bss.OTM8009ACtx
                0x20000164        0xc ./Drivers/BSP/Components/otm8009a.o
 .bss.Lcd_Drv   0x20000170        0x4 ./Drivers/BSP/STM32H747I_DISCO/stm32h747i_discovery_lcd.o
 .bss.Lcd_CompObj
                0x20000174        0x4 ./Drivers/BSP/STM32H747I_DISCO/stm32h747i_discovery_lcd.o
                0x20000174                Lcd_CompObj
 .bss.hlcd_dsi  0x20000178       0x1c ./Drivers/BSP/STM32H747I_DISCO/stm32h747i_discovery_lcd.o
                0x20000178                hlcd_dsi
 .bss.hlcd_dma2d