C:/Users/b1601/Desktop/dsi/STM32CubeH7/Projects/STM32H747I-DISCO/Examples/JPEG/JPEG_DecodingUsingFs_DMA/CM7/Src/main.c:65:5:main	9
C:/Users/b1601/Desktop/dsi/STM32CubeH7/Projects/STM32H747I-DISCO/Examples/JPEG/JPEG_DecodingUsingFs_DMA/CM7/Src/main.c:212:13:SystemClock_Config	4
C:/Users/b1601/Desktop/dsi/STM32CubeH7/Projects/STM32H747I-DISCO/Examples/JPEG/JPEG_DecodingUsingFs_DMA/CM7/Src/main.c:291:13:MPU_Config	1
C:/Users/b1601/Desktop/dsi/STM32CubeH7/Projects/STM32H747I-DISCO/Examples/JPEG/JPEG_DecodingUsingFs_DMA/CM7/Src/main.c:338:13:CPU_CACHE_Enable	5
C:/Users/b1601/Desktop/dsi/STM32CubeH7/Projects/STM32H747I-DISCO/Examples/JPEG/JPEG_DecodingUsingFs_DMA/CM7/Src/main.c:352:13:LCD_BriefDisplay	1
C:/Users/b1601/Desktop/dsi/STM32CubeH7/Projects/STM32H747I-DISCO/Examples/JPEG/JPEG_DecodingUsingFs_DMA/CM7/Src/main.c:370:13:LCD_FileErrorDisplay	1
C:/Users/b1601/Desktop/dsi/STM32CubeH7/Projects/STM32H747I-DISCO/Examples/JPEG/JPEG_DecodingUsingFs_DMA/CM7/Src/main.c:391:13:DMA2D_CopyBuffer	7
C:/Users/b1601/Desktop/dsi/STM32CubeH7/Projects/STM32H747I-DISCO/Examples/JPEG/JPEG_DecodingUsingFs_DMA/CM7/Src/main.c:460:13:SD_Initialize	1
C:/Users/b1601/Desktop/dsi/STM32CubeH7/Projects/STM32H747I-DISCO/Examples/JPEG/JPEG_DecodingUsingFs_DMA/CM7/Src/main.c:491:6:Error_Handler	1
