C:/Users/b1601/Desktop/dsi/STM32CubeH7/Projects/STM32H747I-DISCO/Examples/JPEG/JPEG_DecodingUsingFs_DMA/CM7/Src/main.c:65:5:main	56	static
C:/Users/b1601/Desktop/dsi/STM32CubeH7/Projects/STM32H747I-DISCO/Examples/JPEG/JPEG_DecodingUsingFs_DMA/CM7/Src/main.c:212:13:SystemClock_Config	128	static
C:/Users/b1601/Desktop/dsi/STM32CubeH7/Projects/STM32H747I-DISCO/Examples/JPEG/JPEG_DecodingUsingFs_DMA/CM7/Src/main.c:291:13:MPU_Config	24	static
C:/Users/b1601/Desktop/dsi/STM32CubeH7/Projects/STM32H747I-DISCO/Examples/JPEG/JPEG_DecodingUsingFs_DMA/CM7/Src/main.c:338:13:CPU_CACHE_Enable	24	static,ignoring_inline_asm
C:/Users/b1601/Desktop/dsi/STM32CubeH7/Projects/STM32H747I-DISCO/Examples/JPEG/JPEG_DecodingUsingFs_DMA/CM7/Src/main.c:352:13:LCD_BriefDisplay	16	static
C:/Users/b1601/Desktop/dsi/STM32CubeH7/Projects/STM32H747I-DISCO/Examples/JPEG/JPEG_DecodingUsingFs_DMA/CM7/Src/main.c:370:13:LCD_FileErrorDisplay	8	static
C:/Users/b1601/Desktop/dsi/STM32CubeH7/Projects/STM32H747I-DISCO/Examples/JPEG/JPEG_DecodingUsingFs_DMA/CM7/Src/main.c:391:13:DMA2D_CopyBuffer	48	static
C:/Users/b1601/Desktop/dsi/STM32CubeH7/Projects/STM32H747I-DISCO/Examples/JPEG/JPEG_DecodingUsingFs_DMA/CM7/Src/main.c:460:13:SD_Initialize	8	static
C:/Users/b1601/Desktop/dsi/STM32CubeH7/Projects/STM32H747I-DISCO/Examples/JPEG/JPEG_DecodingUsingFs_DMA/CM7/Src/main.c:491:6:Error_Handler	8	static
